Archive member included to satisfy reference by file (symbol)

/usr/lib/gcc/arm-none-eabi/14.2.1/thumb/v6-m/nofp/libgcc.a(_dvmd_tls.o)
                              CMakeFiles/hello_world.dir/home/obviousfancy/Documents/obviousfancy/pico-sdk/src/rp2_common/pico_divider/divider_hardware.S.o (__aeabi_idiv0)
/usr/lib/gcc/arm-none-eabi/14.2.1/../../../arm-none-eabi/lib/thumb/v6-m/nofp/libg.a(libc_a-memcmp.o)
                              CMakeFiles/hello_world.dir/home/obviousfancy/Documents/obviousfancy/pico-sdk/src/rp2_common/pico_atomic/atomic.c.o (memcmp)
/usr/lib/gcc/arm-none-eabi/14.2.1/../../../arm-none-eabi/lib/thumb/v6-m/nofp/libg.a(libc_a-init.o)
                              /usr/lib/gcc/arm-none-eabi/14.2.1/../../../arm-none-eabi/lib/thumb/v6-m/nofp/crt0.o (__libc_init_array)
/usr/lib/gcc/arm-none-eabi/14.2.1/../../../arm-none-eabi/lib/thumb/v6-m/nofp/libg.a(libc_a-strlen-stub.o)
                              CMakeFiles/hello_world.dir/home/obviousfancy/Documents/obviousfancy/pico-sdk/src/rp2_common/pico_stdio/stdio.c.o (strlen)
/usr/lib/gcc/arm-none-eabi/14.2.1/../../../arm-none-eabi/lib/thumb/v6-m/nofp/libg.a(libc_a-calloc.o)
                              CMakeFiles/hello_world.dir/home/obviousfancy/Documents/obviousfancy/pico-sdk/src/rp2_common/pico_malloc/malloc.c.o (calloc)
/usr/lib/gcc/arm-none-eabi/14.2.1/../../../arm-none-eabi/lib/thumb/v6-m/nofp/libg.a(libc_a-callocr.o)
                              /usr/lib/gcc/arm-none-eabi/14.2.1/../../../arm-none-eabi/lib/thumb/v6-m/nofp/libg.a(libc_a-calloc.o) (_calloc_r)
/usr/lib/gcc/arm-none-eabi/14.2.1/../../../arm-none-eabi/lib/thumb/v6-m/nofp/libg.a(libc_a-realloc.o)
                              CMakeFiles/hello_world.dir/home/obviousfancy/Documents/obviousfancy/pico-sdk/src/rp2_common/pico_malloc/malloc.c.o (realloc)
/usr/lib/gcc/arm-none-eabi/14.2.1/../../../arm-none-eabi/lib/thumb/v6-m/nofp/libg.a(libc_a-mktime.o)
                              CMakeFiles/hello_world.dir/home/obviousfancy/Documents/obviousfancy/pico-sdk/src/common/pico_util/datetime.c.o (mktime)
/usr/lib/gcc/arm-none-eabi/14.2.1/../../../arm-none-eabi/lib/thumb/v6-m/nofp/libg.a(libc_a-tzlock.o)
                              /usr/lib/gcc/arm-none-eabi/14.2.1/../../../arm-none-eabi/lib/thumb/v6-m/nofp/libg.a(libc_a-mktime.o) (__tz_lock)
/usr/lib/gcc/arm-none-eabi/14.2.1/../../../arm-none-eabi/lib/thumb/v6-m/nofp/libg.a(libc_a-mallocr.o)
                              /usr/lib/gcc/arm-none-eabi/14.2.1/../../../arm-none-eabi/lib/thumb/v6-m/nofp/libg.a(libc_a-callocr.o) (_malloc_r)
/usr/lib/gcc/arm-none-eabi/14.2.1/../../../arm-none-eabi/lib/thumb/v6-m/nofp/libg.a(libc_a-sbrkr.o)
                              /usr/lib/gcc/arm-none-eabi/14.2.1/../../../arm-none-eabi/lib/thumb/v6-m/nofp/libg.a(libc_a-mallocr.o) (_sbrk_r)
/usr/lib/gcc/arm-none-eabi/14.2.1/../../../arm-none-eabi/lib/thumb/v6-m/nofp/libg.a(libc_a-freer.o)
                              /usr/lib/gcc/arm-none-eabi/14.2.1/../../../arm-none-eabi/lib/thumb/v6-m/nofp/libg.a(libc_a-mallocr.o) (_free_r)
/usr/lib/gcc/arm-none-eabi/14.2.1/../../../arm-none-eabi/lib/thumb/v6-m/nofp/libg.a(libc_a-fini.o)
                              /usr/lib/gcc/arm-none-eabi/14.2.1/../../../arm-none-eabi/lib/thumb/v6-m/nofp/crt0.o (__libc_fini_array)
/usr/lib/gcc/arm-none-eabi/14.2.1/../../../arm-none-eabi/lib/thumb/v6-m/nofp/libg.a(libc_a-malloc.o)
                              CMakeFiles/hello_world.dir/home/obviousfancy/Documents/obviousfancy/pico-sdk/src/rp2_common/pico_malloc/malloc.c.o (malloc)
/usr/lib/gcc/arm-none-eabi/14.2.1/../../../arm-none-eabi/lib/thumb/v6-m/nofp/libg.a(libc_a-reallocr.o)
                              /usr/lib/gcc/arm-none-eabi/14.2.1/../../../arm-none-eabi/lib/thumb/v6-m/nofp/libg.a(libc_a-realloc.o) (_realloc_r)
/usr/lib/gcc/arm-none-eabi/14.2.1/../../../arm-none-eabi/lib/thumb/v6-m/nofp/libg.a(libc_a-lcltime_r.o)
                              CMakeFiles/hello_world.dir/home/obviousfancy/Documents/obviousfancy/pico-sdk/src/common/pico_util/datetime.c.o (localtime_r)
/usr/lib/gcc/arm-none-eabi/14.2.1/../../../arm-none-eabi/lib/thumb/v6-m/nofp/libg.a(libc_a-impure.o)
                              /usr/lib/gcc/arm-none-eabi/14.2.1/../../../arm-none-eabi/lib/thumb/v6-m/nofp/libg.a(libc_a-calloc.o) (_impure_ptr)
/usr/lib/gcc/arm-none-eabi/14.2.1/../../../arm-none-eabi/lib/thumb/v6-m/nofp/libg.a(libc_a-mlock.o)
                              /usr/lib/gcc/arm-none-eabi/14.2.1/../../../arm-none-eabi/lib/thumb/v6-m/nofp/libg.a(libc_a-mallocr.o) (__malloc_lock)
/usr/lib/gcc/arm-none-eabi/14.2.1/../../../arm-none-eabi/lib/thumb/v6-m/nofp/libg.a(libc_a-tzcalc_limits.o)
                              /usr/lib/gcc/arm-none-eabi/14.2.1/../../../arm-none-eabi/lib/thumb/v6-m/nofp/libg.a(libc_a-mktime.o) (__tzcalc_limits)
/usr/lib/gcc/arm-none-eabi/14.2.1/../../../arm-none-eabi/lib/thumb/v6-m/nofp/libg.a(libc_a-atexit.o)
[...]
Memory Configuration

Name             Origin             Length             Attributes
FLASH            0x10000000         0x00200000         xr
RAM              0x20000000         0x00040000         xrw
SCRATCH_X        0x20040000         0x00001000         xrw
SCRATCH_Y        0x20041000         0x00001000         xrw
*default*        0x00000000         0xffffffff

Linker script and memory map

LOAD /usr/lib/gcc/arm-none-eabi/14.2.1/thumb/v6-m/nofp/crti.o
LOAD /usr/lib/gcc/arm-none-eabi/14.2.1/thumb/v6-m/nofp/crtbegin.o
LOAD /usr/lib/gcc/arm-none-eabi/14.2.1/../../../arm-none-eabi/lib/thumb/v6-m/nofp/crt0.o

.flash_begin    0x10000000        0x0
                0x10000000                        __flash_binary_start = .

.boot2          0x10000000      0x100
                0x10000000                        __boot2_start__ = .
 *(.boot2)
 .boot2         0x10000000      0x100 pico-sdk/src/rp2040/boot_stage2/CMakeFiles/bs2_default_library.dir/bs2_default_padded_checksummed.S.o
                0x10000100                        __boot2_end__ = .
                0x00000001                        ASSERT (((__boot2_end__ - __boot2_start__) == 0x100), ERROR: Pico second stage bootloader must be 256 bytes in size)

.text           0x10000100     0x1ca4
                0x10000100                        __logical_binary_start = .
 *(.vectors)
 .vectors       0x10000100       0xd4 CMakeFiles/hello_world.dir/home/obviousfancy/Documents/obviousfancy/pico-sdk/src/rp2_common/pico_crt0/crt0.S.o
                0x10000100                __vectors
                0x10000100                __VECTOR_TABLE
                0x100001c0                isr_irq30
                0x100001c0                __unhandled_user_irq
                0x100001c0                isr_irq13
                0x100001c0                isr_irq27
                0x100001c0                isr_irq31
                0x100001c0                isr_irq5
                0x100001c0                isr_irq11
                0x100001c0                isr_irq23
                0x100001c0                isr_irq18
                0x100001c0                isr_irq28
                0x100001c0                isr_irq19
                0x100001c0                isr_irq0
                0x100001c0                isr_irq6
                0x100001c0                isr_irq22
                0x100001c0                isr_irq17
                0x100001c0                isr_irq14
                0x100001c0                __vectors_end
                0x100001c0                __default_isrs_start
                0x100001c0                isr_irq2
                0x100001c0                isr_irq10
                0x100001c0                isr_irq8
                0x100001c0                isr_irq24
                0x100001c0                isr_irq1
                0x100001c0                isr_irq7
                0x100001c0                isr_irq21
                0x100001c0                isr_irq20
                0x100001c0                isr_irq15
                0x100001c0                isr_irq25
                0x100001c0                isr_irq4
                0x100001c0                isr_irq16
                0x100001c0                isr_irq29
                0x100001c0                isr_irq26
                0x100001c0                isr_irq3
                0x100001c0                isr_irq12
                0x100001c0                isr_irq9
                0x100001c6                unhandled_user_irq_num_in_r0
                0x100001c8                isr_invalid
                0x100001ca                isr_nmi
                0x100001cc                isr_hardfault
                0x100001ce                isr_svcall
                0x100001d0                isr_pendsv
                0x100001d2                isr_systick
                0x100001d4                __default_isrs_end
 *(.binary_info_header)
 .binary_info_header
                0x100001d4       0x14 CMakeFiles/hello_world.dir/home/obviousfancy/Documents/obviousfancy/pico-sdk/src/rp2_common/pico_crt0/crt0.S.o
                0x100001e8                        __binary_info_header_end = .
 *(.embedded_block)
                0x100001e8                        __embedded_block_end = .
 *(.reset)
 .reset         0x100001e8       0x9c CMakeFiles/hello_world.dir/home/obviousfancy/Documents/obviousfancy/pico-sdk/src/rp2_common/pico_crt0/crt0.S.o
                0x100001e8                _entry_point
 *(.init)
 .init          0x10000284        0x4 /usr/lib/gcc/arm-none-eabi/14.2.1/thumb/v6-m/nofp/crti.o
                0x10000284                _init
 *(EXCLUDE_FILE(*libm.a: *libc.a:*lib_a-mem*.o *libgcc.a:) .text*)
 .text          0x10000288       0x98 /usr/lib/gcc/arm-none-eabi/14.2.1/thumb/v6-m/nofp/crtbegin.o
 .text.startup.main
                0x10000320       0x14 CMakeFiles/hello_world.dir/hello_world.c.o
                0x10000320                main
 .text.gpio_set_function
                0x10000334       0x34 CMakeFiles/hello_world.dir/home/obviousfancy/Documents/obviousfancy/pico-sdk/src/rp2_common/hardware_gpio/gpio.c.o
                0x10000334                gpio_set_function
 .text.panic    0x10000368       0x30 CMakeFiles/hello_world.dir/home/obviousfancy/Documents/obviousfancy/pico-sdk/src/rp2_common/pico_platform_panic/panic.c.o
                0x10000368                panic
 .text.hw_claim_or_assert
                0x10000398       0x44 CMakeFiles/hello_world.dir/home/obviousfancy/Documents/obviousfancy/pico-sdk/src/common/hardware_claim/claim.c.o
                0x10000398                hw_claim_or_assert
 .text.next_striped_spin_lock_num
                0x100003dc       0x18 CMakeFiles/hello_world.dir/home/obviousfancy/Documents/obviousfancy/pico-sdk/src/rp2_common/hardware_sync/sync.c.o
                0x100003dc                next_striped_spin_lock_num
 .text.spin_locks_reset
                0x100003f4       0x1c CMakeFiles/hello_world.dir/home/obviousfancy/Documents/obviousfancy/pico-sdk/src/rp2_common/hardware_sync_spin_lock/sync_spin_lock.c.o
                0x100003f4                spin_locks_reset
 .text.runtime_init_per_core_irq_priorities
                0x10000410       0x24 CMakeFiles/hello_world.dir/home/obviousfancy/Documents/obviousfancy/pico-sdk/src/rp2_common/hardware_irq/irq.c.o
                0x10000410                runtime_init_per_core_irq_priorities
 .text.irq_set_enabled
                0x10000434       0x24 CMakeFiles/hello_world.dir/home/obviousfancy/Documents/obviousfancy/pico-sdk/src/rp2_common/hardware_irq/irq.c.o
                0x10000434                irq_set_enabled
 .text.irq_set_exclusive_handler
                0x10000458       0x54 CMakeFiles/hello_world.dir/home/obviousfancy/Documents/obviousfancy/pico-sdk/src/rp2_common/hardware_irq/irq.c.o
                0x10000458                irq_set_exclusive_handler
 .text.irq_remove_handler
                0x100004ac      0x1d4 CMakeFiles/hello_world.dir/home/obviousfancy/Documents/obviousfancy/pico-sdk/src/rp2_common/hardware_irq/irq.c.o
                0x100004ac                irq_remove_handler
 .text.irq_add_tail_to_free_list
                0x10000680       0xb4 CMakeFiles/hello_world.dir/home/obviousfancy/Documents/obviousfancy/pico-sdk/src/rp2_common/hardware_irq/irq.c.o
                0x10000680                irq_add_tail_to_free_list
 .text.lock_init
                0x10000734       0x10 CMakeFiles/hello_world.dir/home/obviousfancy/Documents/obviousfancy/pico-sdk/src/common/pico_sync/lock_core.c.o
                0x10000734                lock_init
 .text.runtime_init_mutex
                0x10000744       0x50 CMakeFiles/hello_world.dir/home/obviousfancy/Documents/obviousfancy/pico-sdk/src/common/pico_sync/mutex.c.o
                0x10000744                runtime_init_mutex
 .text.sleep_until_callback
                0x10000794       0x30 CMakeFiles/hello_world.dir/home/obviousfancy/Documents/obviousfancy/pico-sdk/src/common/pico_time/time.c.o
 .text.alarm_pool_irq_handler
                0x100007c4      0x300 CMakeFiles/hello_world.dir/home/obviousfancy/Documents/obviousfancy/pico-sdk/src/common/pico_time/time.c.o
 .text.runtime_init_default_alarm_pool
                0x10000ac4       0xdc CMakeFiles/hello_world.dir/home/obviousfancy/Documents/obviousfancy/pico-sdk/src/common/pico_time/time.c.o
                0x10000ac4                runtime_init_default_alarm_pool
 .text.alarm_pool_add_alarm_at_force_in_context
                0x10000ba0       0xb0 CMakeFiles/hello_world.dir/home/obviousfancy/Documents/obviousfancy/pico-sdk/src/common/pico_time/time.c.o
                0x10000ba0                alarm_pool_add_alarm_at_force_in_context
 .text.alarm_pool_cancel_alarm
                0x10000c50       0x74 CMakeFiles/hello_world.dir/home/obviousfancy/Documents/obviousfancy/pico-sdk/src/common/pico_time/time.c.o
                0x10000c50                alarm_pool_cancel_alarm
 .text.best_effort_wfe_or_timeout
                0x10000cc4      0x10c CMakeFiles/hello_world.dir/home/obviousfancy/Documents/obviousfancy/pico-sdk/src/common/pico_time/time.c.o
                0x10000cc4                best_effort_wfe_or_timeout
 .text.timer_hardware_alarm_claim
                0x10000dd0       0x14 CMakeFiles/hello_world.dir/home/obviousfancy/Documents/obviousfancy/pico-sdk/src/rp2_common/hardware_timer/timer.c.o
                0x10000dd0                timer_hardware_alarm_claim
 .text.timer_time_us_64
                0x10000de4       0x10 CMakeFiles/hello_world.dir/home/obviousfancy/Documents/obviousfancy/pico-sdk/src/rp2_common/hardware_timer/timer.c.o
                0x10000de4                timer_time_us_64
 .text.time_us_64
                0x10000df4       0x14 CMakeFiles/hello_world.dir/home/obviousfancy/Documents/obviousfancy/pico-sdk/src/rp2_common/hardware_timer/timer.c.o
                0x10000df4                time_us_64
 .text.busy_wait_us
                0x10000e08       0x68 CMakeFiles/hello_world.dir/home/obviousfancy/Documents/obviousfancy/pico-sdk/src/rp2_common/hardware_timer/timer.c.o
                0x10000e08                busy_wait_us
 .text.uart_init
                0x10000e70      0x120 CMakeFiles/hello_world.dir/home/obviousfancy/Documents/obviousfancy/pico-sdk/src/rp2_common/hardware_uart/uart.c.o
                0x10000e70                uart_init
 .text.clock_configure_int_divider
                0x10000f90       0xf4 CMakeFiles/hello_world.dir/home/obviousfancy/Documents/obviousfancy/pico-sdk/src/rp2_common/hardware_clocks/clocks.c.o
                0x10000f90                clock_configure_int_divider
 .text.clock_configure_undivided
                0x10001084       0xe8 CMakeFiles/hello_world.dir/home/obviousfancy/Documents/obviousfancy/pico-sdk/src/rp2_common/hardware_clocks/clocks.c.o
                0x10001084                clock_configure_undivided
 .text.clock_get_hz
                0x1000116c        0xc CMakeFiles/hello_world.dir/home/obviousfancy/Documents/obviousfancy/pico-sdk/src/rp2_common/hardware_clocks/clocks.c.o
                0x1000116c                clock_get_hz
 .text.pll_init
                0x10001178       0xa4 CMakeFiles/hello_world.dir/home/obviousfancy/Documents/obviousfancy/pico-sdk/src/rp2_common/hardware_pll/pll.c.o
                0x10001178                pll_init
 .text.tick_start
                0x1000121c       0x10 CMakeFiles/hello_world.dir/home/obviousfancy/Documents/obviousfancy/pico-sdk/src/rp2_common/hardware_ticks/ticks.c.o
                0x1000121c                tick_start
 .text.rom_func_lookup
                0x1000122c       0x10 CMakeFiles/hello_world.dir/home/obviousfancy/Documents/obviousfancy/pico-sdk/src/rp2_common/pico_bootrom/bootrom.c.o
                0x1000122c                rom_func_lookup
 .text.rom_data_lookup
                0x1000123c       0x10 CMakeFiles/hello_world.dir/home/obviousfancy/Documents/obviousfancy/pico-sdk/src/rp2_common/pico_bootrom/bootrom.c.o
                0x1000123c                rom_data_lookup
 .text.rom_funcs_lookup
                0x1000124c       0x44 CMakeFiles/hello_world.dir/home/obviousfancy/Documents/obviousfancy/pico-sdk/src/rp2_common/pico_bootrom/bootrom.c.o
                0x1000124c                rom_funcs_lookup
 .text.xosc_init
                0x10001290       0x28 CMakeFiles/hello_world.dir/home/obviousfancy/Documents/obviousfancy/pico-sdk/src/rp2_common/hardware_xosc/xosc.c.o
                0x10001290                xosc_init
 .text.first_per_core_initializer
                0x100012b8        0x4 CMakeFiles/hello_world.dir/home/obviousfancy/Documents/obviousfancy/pico-sdk/src/rp2_common/pico_runtime/runtime.c.o
 .text.hard_assertion_failure
                0x100012bc        0xc CMakeFiles/hello_world.dir/home/obviousfancy/Documents/obviousfancy/pico-sdk/src/rp2_common/pico_runtime/runtime.c.o
                0x100012bc                hard_assertion_failure
 .text.runtime_run_initializers
                0x100012c8       0x28 CMakeFiles/hello_world.dir/home/obviousfancy/Documents/obviousfancy/pico-sdk/src/rp2_common/pico_runtime/runtime.c.o
                0x100012c8                runtime_run_initializers
 .text.runtime_init_early_resets
                0x100012f0       0x2c CMakeFiles/hello_world.dir/home/obviousfancy/Documents/obviousfancy/pico-sdk/src/rp2_common/pico_runtime_init/runtime_init.c.o
                0x100012f0                runtime_init_early_resets
 .text.runtime_init_usb_power_down
                0x1000131c       0x1c CMakeFiles/hello_world.dir/home/obviousfancy/Documents/obviousfancy/pico-sdk/src/rp2_common/pico_runtime_init/runtime_init.c.o
                0x1000131c                runtime_init_usb_power_down
 .text.runtime_init_post_clock_resets
                0x10001338       0x20 CMakeFiles/hello_world.dir/home/obviousfancy/Documents/obviousfancy/pico-sdk/src/rp2_common/pico_runtime_init/runtime_init.c.o
                0x10001338                runtime_init_post_clock_resets
 .text.runtime_init_rp2040_gpio_ie_disable
                0x10001358       0x14 CMakeFiles/hello_world.dir/home/obviousfancy/Documents/obviousfancy/pico-sdk/src/rp2_common/pico_runtime_init/runtime_init.c.o
                0x10001358                runtime_init_rp2040_gpio_ie_disable
 .text.runtime_init_spin_locks_reset
                0x1000136c        0x8 CMakeFiles/hello_world.dir/home/obviousfancy/Documents/obviousfancy/pico-sdk/src/rp2_common/pico_runtime_init/runtime_init.c.o
                0x1000136c                runtime_init_spin_locks_reset
 .text.runtime_init_install_ram_vector_table
                0x10001374       0xb4 CMakeFiles/hello_world.dir/home/obviousfancy/Documents/obviousfancy/pico-sdk/src/rp2_common/pico_runtime_init/runtime_init.c.o
                0x10001374                runtime_init_install_ram_vector_table
 .text.runtime_init_clocks
                0x10001428       0xd8 CMakeFiles/hello_world.dir/home/obviousfancy/Documents/obviousfancy/pico-sdk/src/rp2_common/pico_runtime_init/runtime_init_clocks.c.o
                0x10001428                runtime_init_clocks
 .text          0x10001500       0x10 CMakeFiles/hello_world.dir/home/obviousfancy/Documents/obviousfancy/pico-sdk/src/rp2_common/pico_bit_ops/bit_ops_aeabi.S.o
 .text.__wrap___aeabi_uidiv
                0x10001510       0x4c CMakeFiles/hello_world.dir/home/obviousfancy/Documents/obviousfancy/pico-sdk/src/rp2_common/pico_divider/divider_hardware.S.o
                0x10001510                __wrap___aeabi_uidiv
                0x10001510                __wrap___aeabi_uidivmod
                0x10001510                div_u32u32
                0x10001510                divmod_u32u32
                0x10001518                divmod_u32u32_unsafe
                0x10001540                divmod_u32u32_savestate
 .text.__aeabi_double_init
                0x1000155c       0xa4 CMakeFiles/hello_world.dir/home/obviousfancy/Documents/obviousfancy/pico-sdk/src/rp2_common/pico_double/double_init_rom_rp2040.c.o
                0x1000155c                __aeabi_double_init
 .text.double_table_shim_on_use_helper
                0x10001600       0x2c CMakeFiles/hello_world.dir/home/obviousfancy/Documents/obviousfancy/pico-sdk/src/rp2_common/pico_double/double_v1_rom_shim_rp2040.S.o
                0x10001600                double_table_shim_on_use_helper
 .text.__aeabi_float_init
                0x1000162c       0x64 CMakeFiles/hello_world.dir/home/obviousfancy/Documents/obviousfancy/pico-sdk/src/rp2_common/pico_float/float_init_rom_rp2040.c.o
                0x1000162c                __aeabi_float_init
 .text.float_table_shim_on_use_helper
                0x10001690       0x2c CMakeFiles/hello_world.dir/home/obviousfancy/Documents/obviousfancy/pico-sdk/src/rp2_common/pico_float/float_v1_rom_shim_rp2040.S.o
                0x10001690                float_table_shim_on_use_helper
 .text          0x100016bc       0x10 CMakeFiles/hello_world.dir/home/obviousfancy/Documents/obviousfancy/pico-sdk/src/rp2_common/pico_mem_ops/mem_ops_aeabi.S.o
                0x100016bc                __aeabi_mem_init
 .text.memcpy   0x100016cc        0xc CMakeFiles/hello_world.dir/home/obviousfancy/Documents/obviousfancy/pico-sdk/src/rp2_common/pico_mem_ops/mem_ops_aeabi.S.o
                0x100016cc                __wrap___aeabi_memcpy
                0x100016cc                __wrap_memcpy
 .text._out_char
                0x100016d8       0x10 CMakeFiles/hello_world.dir/home/obviousfancy/Documents/obviousfancy/pico-sdk/src/rp2_common/pico_printf/printf.c.o
 .text.weak_raw_vprintf
                0x100016e8       0x30 CMakeFiles/hello_world.dir/home/obviousfancy/Documents/obviousfancy/pico-sdk/src/rp2_common/pico_printf/printf.c.o
                0x100016e8                weak_raw_vprintf
 .text._exit    0x10001718        0x4 CMakeFiles/hello_world.dir/home/obviousfancy/Documents/obviousfancy/pico-sdk/src/rp2_common/pico_clib_interface/newlib_interface.c.o
                0x10001718                _exit
 .text.exit     0x1000171c        0x8 CMakeFiles/hello_world.dir/home/obviousfancy/Documents/obviousfancy/pico-sdk/src/rp2_common/pico_clib_interface/newlib_interface.c.o
                0x1000171c                exit
 .text.runtime_init
                0x10001724       0x2c CMakeFiles/hello_world.dir/home/obviousfancy/Documents/obviousfancy/pico-sdk/src/rp2_common/pico_clib_interface/newlib_interface.c.o
                0x10001724                runtime_init
 .text.stdio_out_chars_no_crlf
                0x10001750       0x10 CMakeFiles/hello_world.dir/home/obviousfancy/Documents/obviousfancy/pico-sdk/src/rp2_common/pico_stdio/stdio.c.o
 .text.stdio_out_chars_crlf
                0x10001760       0xb0 CMakeFiles/hello_world.dir/home/obviousfancy/Documents/obviousfancy/pico-sdk/src/rp2_common/pico_stdio/stdio.c.o
 .text.stdio_put_string
                0x10001810       0xfc CMakeFiles/hello_world.dir/home/obviousfancy/Documents/obviousfancy/pico-sdk/src/rp2_common/pico_stdio/stdio.c.o
                0x10001810                stdio_put_string
 .text.stdio_set_driver_enabled
                0x1000190c       0x30 CMakeFiles/hello_world.dir/home/obviousfancy/Documents/obviousfancy/pico-sdk/src/rp2_common/pico_stdio/stdio.c.o
                0x1000190c                stdio_set_driver_enabled
 .text.stdio_init_all
                0x1000193c        0xc CMakeFiles/hello_world.dir/home/obviousfancy/Documents/obviousfancy/pico-sdk/src/rp2_common/pico_stdio/stdio.c.o
                0x1000193c                stdio_init_all
 .text.__wrap_putchar
                0x10001948       0x94 CMakeFiles/hello_world.dir/home/obviousfancy/Documents/obviousfancy/pico-sdk/src/rp2_common/pico_stdio/stdio.c.o
                0x10001948                stdio_putchar
                0x10001948                __wrap_putchar
 .text.__wrap_puts
                0x100019dc       0x3c CMakeFiles/hello_world.dir/home/obviousfancy/Documents/obviousfancy/pico-sdk/src/rp2_common/pico_stdio/stdio.c.o
                0x100019dc                __wrap_puts
                0x100019dc                stdio_puts
 .text.stdio_uart_out_chars
                0x10001a18       0x4c CMakeFiles/hello_world.dir/home/obviousfancy/Documents/obviousfancy/pico-sdk/src/rp2_common/pico_stdio_uart/stdio_uart.c.o
 .text.stdio_uart_in_chars
                0x10001a64       0x90 CMakeFiles/hello_world.dir/home/obviousfancy/Documents/obviousfancy/pico-sdk/src/rp2_common/pico_stdio_uart/stdio_uart.c.o
                0x10001a64                stdio_uart_in_chars
 .text.on_uart_rx
                0x10001af4       0x28 CMakeFiles/hello_world.dir/home/obviousfancy/Documents/obviousfancy/pico-sdk/src/rp2_common/pico_stdio_uart/stdio_uart.c.o
 .text.stdio_uart_out_flush
                0x10001b1c       0x14 CMakeFiles/hello_world.dir/home/obviousfancy/Documents/obviousfancy/pico-sdk/src/rp2_common/pico_stdio_uart/stdio_uart.c.o
 .text.stdio_uart_set_chars_available_callback
                0x10001b30       0x84 CMakeFiles/hello_world.dir/home/obviousfancy/Documents/obviousfancy/pico-sdk/src/rp2_common/pico_stdio_uart/stdio_uart.c.o
 .text.stdio_uart_init
                0x10001bb4       0x50 CMakeFiles/hello_world.dir/home/obviousfancy/Documents/obviousfancy/pico-sdk/src/rp2_common/pico_stdio_uart/stdio_uart.c.o
                0x10001bb4                stdio_uart_init
 .text          0x10001c04       0x5c /usr/lib/gcc/arm-none-eabi/14.2.1/../../../arm-none-eabi/lib/thumb/v6-m/nofp/libg.a(libc_a-strlen-stub.o)
                0x10001c04                strlen
 .text          0x10001c60       0x28 /usr/lib/gcc/arm-none-eabi/14.2.1/../../../arm-none-eabi/lib/thumb/v6-m/nofp/libg.a(libc_a-fini.o)
                0x10001c60                __libc_fini_array
 .text          0x10001c88       0x10 /usr/lib/gcc/arm-none-eabi/14.2.1/../../../arm-none-eabi/lib/thumb/v6-m/nofp/libg.a(libc_a-atexit.o)
                0x10001c88                atexit
 .text          0x10001c98       0x78 /usr/lib/gcc/arm-none-eabi/14.2.1/../../../arm-none-eabi/lib/thumb/v6-m/nofp/libg.a(libc_a-__atexit.o)
                0x10001c98                __register_exitproc
 .text.startup  0x10001d10       0x18 /usr/lib/gcc/arm-none-eabi/14.2.1/../../../arm-none-eabi/lib/thumb/v6-m/nofp/libg.a(libc_a-__call_atexit.o)
 *(.fini)
 .fini          0x10001d28        0x4 /usr/lib/gcc/arm-none-eabi/14.2.1/thumb/v6-m/nofp/crti.o
                0x10001d28                _fini
 *fill*         0x10001d2c        0x4 
 .fini.__stub   0x10001d30       0x30 linker stubs
 *crtbegin.o(.ctors)
 *crtbegin?.o(.ctors)
 *(EXCLUDE_FILE(*crtend.o *crtend?.o) .ctors)
 *(SORT_BY_NAME(.ctors.*))
 *(.ctors)
 *crtbegin.o(.dtors)
 *crtbegin?.o(.dtors)
 *(EXCLUDE_FILE(*crtend.o *crtend?.o) .dtors)
 *(SORT_BY_NAME(.dtors.*))
 *(.dtors)
                0x10001d60                        . = ALIGN (0x4)
                0x10001d60                        PROVIDE (__preinit_array_start = .)
 *(SORT_BY_NAME(.preinit_array.*))
 .preinit_array.00100
                0x10001d60        0x4 CMakeFiles/hello_world.dir/home/obviousfancy/Documents/obviousfancy/pico-sdk/src/rp2_common/pico_runtime_init/runtime_init.c.o
                0x10001d60                __pre_init_runtime_init_early_resets
 .preinit_array.00101
                0x10001d64        0x4 CMakeFiles/hello_world.dir/home/obviousfancy/Documents/obviousfancy/pico-sdk/src/rp2_common/pico_runtime_init/runtime_init.c.o
                0x10001d64                __pre_init_runtime_init_usb_power_down
 .preinit_array.00275
                0x10001d68        0x4 CMakeFiles/hello_world.dir/home/obviousfancy/Documents/obviousfancy/pico-sdk/src/rp2_common/pico_bit_ops/bit_ops_aeabi.S.o
 .preinit_array.00300
                0x10001d6c        0x4 CMakeFiles/hello_world.dir/home/obviousfancy/Documents/obviousfancy/pico-sdk/src/rp2_common/pico_mem_ops/mem_ops_aeabi.S.o
 .preinit_array.00350
                0x10001d70        0x4 CMakeFiles/hello_world.dir/home/obviousfancy/Documents/obviousfancy/pico-sdk/src/rp2_common/pico_double/double_aeabi_rp2040.S.o
 .preinit_array.00350
                0x10001d74        0x4 CMakeFiles/hello_world.dir/home/obviousfancy/Documents/obviousfancy/pico-sdk/src/rp2_common/pico_float/float_aeabi_rp2040.S.o
 .preinit_array.00500
                0x10001d78        0x4 CMakeFiles/hello_world.dir/home/obviousfancy/Documents/obviousfancy/pico-sdk/src/rp2_common/pico_runtime_init/runtime_init.c.o
                0x10001d78                __pre_init_runtime_init_clocks
 .preinit_array.00600
                0x10001d7c        0x4 CMakeFiles/hello_world.dir/home/obviousfancy/Documents/obviousfancy/pico-sdk/src/rp2_common/pico_runtime_init/runtime_init.c.o
                0x10001d7c                __pre_init_runtime_init_post_clock_resets
 .preinit_array.00700
                0x10001d80        0x4 CMakeFiles/hello_world.dir/home/obviousfancy/Documents/obviousfancy/pico-sdk/src/rp2_common/pico_runtime_init/runtime_init.c.o
                0x10001d80                __pre_init_runtime_init_rp2040_gpio_ie_disable
 .preinit_array.01000
                0x10001d84        0x4 CMakeFiles/hello_world.dir/home/obviousfancy/Documents/obviousfancy/pico-sdk/src/rp2_common/pico_runtime_init/runtime_init.c.o
                0x10001d84                __pre_init_runtime_init_spin_locks_reset
 .preinit_array.01100
                0x10001d88        0x4 CMakeFiles/hello_world.dir/home/obviousfancy/Documents/obviousfancy/pico-sdk/src/common/pico_sync/mutex.c.o
                0x10001d88                __pre_init_runtime_init_mutex
 .preinit_array.10080
                0x10001d8c        0x4 CMakeFiles/hello_world.dir/home/obviousfancy/Documents/obviousfancy/pico-sdk/src/rp2_common/pico_runtime_init/runtime_init.c.o
                0x10001d8c                __pre_init_runtime_init_install_ram_vector_table
 .preinit_array.11000
                0x10001d90        0x4 CMakeFiles/hello_world.dir/home/obviousfancy/Documents/obviousfancy/pico-sdk/src/common/pico_time/time.c.o
                0x10001d90                __pre_init_runtime_init_default_alarm_pool
 .preinit_array.YYYYY
                0x10001d94        0x4 CMakeFiles/hello_world.dir/home/obviousfancy/Documents/obviousfancy/pico-sdk/src/rp2_common/pico_runtime/runtime.c.o
                0x10001d94                __pre_init_first_per_core_initializer
 .preinit_array.ZZZZZ.01200
                0x10001d98        0x4 CMakeFiles/hello_world.dir/home/obviousfancy/Documents/obviousfancy/pico-sdk/src/rp2_common/hardware_irq/irq.c.o
                0x10001d98                __pre_init_runtime_init_per_core_irq_priorities
 *(.preinit_array)
                0x10001d9c                        PROVIDE (__preinit_array_end = .)
                0x10001d9c                        . = ALIGN (0x4)
                0x10001d9c                        PROVIDE (__init_array_start = .)
 *(SORT_BY_NAME(.init_array.*))
 .init_array.00000
                0x10001d9c        0x4 /usr/lib/gcc/arm-none-eabi/14.2.1/../../../arm-none-eabi/lib/thumb/v6-m/nofp/libg.a(libc_a-__call_atexit.o)
 *(.init_array)
 .init_array    0x10001da0        0x4 /usr/lib/gcc/arm-none-eabi/14.2.1/thumb/v6-m/nofp/crtbegin.o
                0x10001da4                        PROVIDE (__init_array_end = .)
                0x10001da4                        . = ALIGN (0x4)
                0x10001da4                        PROVIDE (__fini_array_start = .)
 *(SORT_BY_NAME(.fini_array.*))
 *(.fini_array)
                0x10001da4                        PROVIDE (__fini_array_end = .)
 *(.eh_frame*)
 .eh_frame      0x10001da4        0x0 /usr/lib/gcc/arm-none-eabi/14.2.1/thumb/v6-m/nofp/crtbegin.o
                0x10001da4                        . = ALIGN (0x4)

.glue_7         0x10001da4        0x0
 .glue_7        0x10001da4        0x0 linker stubs

.glue_7t        0x10001da4        0x0
 .glue_7t       0x10001da4        0x0 linker stubs

.vfp11_veneer   0x10001da4        0x0
 .vfp11_veneer  0x10001da4        0x0 linker stubs

.v4_bx          0x10001da4        0x0
 .v4_bx         0x10001da4        0x0 linker stubs

.iplt           0x10001da4        0x0
 .iplt          0x10001da4        0x0 /usr/lib/gcc/arm-none-eabi/14.2.1/thumb/v6-m/nofp/crtbegin.o

.rodata         0x10001da4      0x134
 *(EXCLUDE_FILE(*libm.a: *libc.a:*lib_a-mem*.o *libgcc.a:) .rodata*)
 .rodata.main.str1.4
                0x10001da4       0xc0 CMakeFiles/hello_world.dir/hello_world.c.o
                                  0xd (size before relaxing)
 .rodata.panic.str1.4
                0x10001e64        0x0 CMakeFiles/hello_world.dir/home/obviousfancy/Documents/obviousfancy/pico-sdk/src/rp2_common/pico_platform_panic/panic.c.o
                                 0x12 (size before relaxing)
 .rodata.timer_hardware_alarm_claim.str1.4
                0x10001e64        0x0 CMakeFiles/hello_world.dir/home/obviousfancy/Documents/obviousfancy/pico-sdk/src/rp2_common/hardware_timer/timer.c.o
                                 0x22 (size before relaxing)
 .rodata.hard_assertion_failure.str1.4
                0x10001e64        0x0 CMakeFiles/hello_world.dir/home/obviousfancy/Documents/obviousfancy/pico-sdk/src/rp2_common/pico_runtime/runtime.c.o
                                  0xc (size before relaxing)
 .rodata.str1.4
                0x10001e64        0x0 CMakeFiles/hello_world.dir/home/obviousfancy/Documents/obviousfancy/pico-sdk/src/rp2_common/pico_standard_binary_info/standard_binary_info.c.o
                                 0x40 (size before relaxing)
 .rodata.__bi_84
                0x10001e64        0xc CMakeFiles/hello_world.dir/home/obviousfancy/Documents/obviousfancy/pico-sdk/src/rp2_common/pico_standard_binary_info/standard_binary_info.c.o
 .rodata.__bi_78
                0x10001e70        0xc CMakeFiles/hello_world.dir/home/obviousfancy/Documents/obviousfancy/pico-sdk/src/rp2_common/pico_standard_binary_info/standard_binary_info.c.o
 .rodata.__bi_54
                0x10001e7c        0xc CMakeFiles/hello_world.dir/home/obviousfancy/Documents/obviousfancy/pico-sdk/src/rp2_common/pico_standard_binary_info/standard_binary_info.c.o
 .rodata.__bi_48
                0x10001e88        0xc CMakeFiles/hello_world.dir/home/obviousfancy/Documents/obviousfancy/pico-sdk/src/rp2_common/pico_standard_binary_info/standard_binary_info.c.o
 .rodata.__bi_42
                0x10001e94        0xc CMakeFiles/hello_world.dir/home/obviousfancy/Documents/obviousfancy/pico-sdk/src/rp2_common/pico_standard_binary_info/standard_binary_info.c.o
 .rodata.__bi_34
                0x10001ea0        0xc CMakeFiles/hello_world.dir/home/obviousfancy/Documents/obviousfancy/pico-sdk/src/rp2_common/pico_standard_binary_info/standard_binary_info.c.o
 .rodata.__bi_26
                0x10001eac        0xc CMakeFiles/hello_world.dir/home/obviousfancy/Documents/obviousfancy/pico-sdk/src/rp2_common/pico_standard_binary_info/standard_binary_info.c.o
 .rodata.crlf_str.0
                0x10001eb8        0x2 CMakeFiles/hello_world.dir/home/obviousfancy/Documents/obviousfancy/pico-sdk/src/rp2_common/pico_stdio/stdio.c.o
 .rodata.str1.4
                0x10001eba        0x0 CMakeFiles/hello_world.dir/home/obviousfancy/Documents/obviousfancy/pico-sdk/src/rp2_common/pico_stdio_uart/stdio_uart.c.o
                                 0x2c (size before relaxing)
 *fill*         0x10001eba        0x2 
 .rodata.__bi_45.4
                0x10001ebc        0xc CMakeFiles/hello_world.dir/home/obviousfancy/Documents/obviousfancy/pico-sdk/src/rp2_common/pico_stdio_uart/stdio_uart.c.o
 .rodata.__bi_49.5
                0x10001ec8        0x8 CMakeFiles/hello_world.dir/home/obviousfancy/Documents/obviousfancy/pico-sdk/src/rp2_common/pico_stdio_uart/stdio_uart.c.o
 .rodata.__bi_50.6
                0x10001ed0        0x8 CMakeFiles/hello_world.dir/home/obviousfancy/Documents/obviousfancy/pico-sdk/src/rp2_common/pico_stdio_uart/stdio_uart.c.o
                0x10001ed8                        . = ALIGN (0x4)
 *(SORT_BY_ALIGNMENT(SORT_BY_NAME(.flashdata*)))
                0x10001ed8                        . = ALIGN (0x4)

.ARM.extab
 *(.ARM.extab* .gnu.linkonce.armextab.*)
                0x10001ed8                        __exidx_start = .

.ARM.exidx
 *(.ARM.exidx* .gnu.linkonce.armexidx.*)
                0x10001ed8                        __exidx_end = .
                0x10001ed8                        . = ALIGN (0x4)
                0x10001ed8                        __binary_info_start = .

.binary_info    0x10001ed8       0x28
 *(.binary_info.keep.*)
 .binary_info.keep.__bi_ptr84
                0x10001ed8        0x4 CMakeFiles/hello_world.dir/home/obviousfancy/Documents/obviousfancy/pico-sdk/src/rp2_common/pico_standard_binary_info/standard_binary_info.c.o
 .binary_info.keep.__bi_ptr78
                0x10001edc        0x4 CMakeFiles/hello_world.dir/home/obviousfancy/Documents/obviousfancy/pico-sdk/src/rp2_common/pico_standard_binary_info/standard_binary_info.c.o
 .binary_info.keep.__bi_ptr54
                0x10001ee0        0x4 CMakeFiles/hello_world.dir/home/obviousfancy/Documents/obviousfancy/pico-sdk/src/rp2_common/pico_standard_binary_info/standard_binary_info.c.o
 .binary_info.keep.__bi_ptr48
                0x10001ee4        0x4 CMakeFiles/hello_world.dir/home/obviousfancy/Documents/obviousfancy/pico-sdk/src/rp2_common/pico_standard_binary_info/standard_binary_info.c.o
 .binary_info.keep.__bi_ptr42
                0x10001ee8        0x4 CMakeFiles/hello_world.dir/home/obviousfancy/Documents/obviousfancy/pico-sdk/src/rp2_common/pico_standard_binary_info/standard_binary_info.c.o
 .binary_info.keep.__bi_ptr34
                0x10001eec        0x4 CMakeFiles/hello_world.dir/home/obviousfancy/Documents/obviousfancy/pico-sdk/src/rp2_common/pico_standard_binary_info/standard_binary_info.c.o
 .binary_info.keep.__bi_ptr26
                0x10001ef0        0x4 CMakeFiles/hello_world.dir/home/obviousfancy/Documents/obviousfancy/pico-sdk/src/rp2_common/pico_standard_binary_info/standard_binary_info.c.o
 *(.binary_info.*)
 .binary_info.__bi_ptr50
                0x10001ef4        0x4 CMakeFiles/hello_world.dir/home/obviousfancy/Documents/obviousfancy/pico-sdk/src/rp2_common/pico_stdio_uart/stdio_uart.c.o
 .binary_info.__bi_ptr49
                0x10001ef8        0x4 CMakeFiles/hello_world.dir/home/obviousfancy/Documents/obviousfancy/pico-sdk/src/rp2_common/pico_stdio_uart/stdio_uart.c.o
 .binary_info.__bi_ptr45
                0x10001efc        0x4 CMakeFiles/hello_world.dir/home/obviousfancy/Documents/obviousfancy/pico-sdk/src/rp2_common/pico_stdio_uart/stdio_uart.c.o
                0x10001f00                        __binary_info_end = .
                0x10001f00                        . = ALIGN (0x4)

.ram_vector_table
                0x20000000       0xc0
 *(.ram_vector_table)
 .ram_vector_table
                0x20000000       0xc0 CMakeFiles/hello_world.dir/home/obviousfancy/Documents/obviousfancy/pico-sdk/src/rp2_common/pico_runtime_init/runtime_init.c.o
                0x20000000                ram_vector_table

.uninitialized_data
                0x200000c0        0x0
                0x200000c0                        . = ALIGN (0x4)
 *(.uninitialized_data*)

.data           0x200000c0      0x180 load address 0x10001f00
                0x200000c0                        __data_start__ = .
 *(vtable)
 *(.time_critical*)
 .time_critical.mutex_try_enter_block_until
                0x200000c0       0x98 CMakeFiles/hello_world.dir/home/obviousfancy/Documents/obviousfancy/pico-sdk/src/common/pico_sync/mutex.c.o
                0x200000c0                mutex_try_enter_block_until
 .time_critical.mutex_exit
                0x20000158       0x28 CMakeFiles/hello_world.dir/home/obviousfancy/Documents/obviousfancy/pico-sdk/src/common/pico_sync/mutex.c.o
                0x20000158                mutex_exit
 *(.text*)
 .text          0x20000180        0x4 /usr/lib/gcc/arm-none-eabi/14.2.1/thumb/v6-m/nofp/libgcc.a(_dvmd_tls.o)
                0x20000180                __aeabi_ldiv0
                0x20000180                __aeabi_idiv0
 *fill*         0x20000184        0x4 
 .text.__stub   0x20000188       0x10 linker stubs
                0x20000198                        . = ALIGN (0x4)
 *(.rodata*)
                0x20000198                        . = ALIGN (0x4)
 *(.data*)
 .data.striped_spin_lock_num
                0x20000198        0x1 CMakeFiles/hello_world.dir/home/obviousfancy/Documents/obviousfancy/pico-sdk/src/rp2_common/hardware_sync/sync.c.o
 *fill*         0x20000199        0x3 
 .data          0x2000019c       0x48 CMakeFiles/hello_world.dir/home/obviousfancy/Documents/obviousfancy/pico-sdk/src/rp2_common/hardware_irq/irq_handler_chain.S.o
                0x2000019c                irq_handler_chain_slots
                0x200001cc                irq_handler_chain_first_slot
                0x200001d6                irq_handler_chain_remove_tail
 .data.default_alarm_pool
                0x200001e4       0x18 CMakeFiles/hello_world.dir/home/obviousfancy/Documents/obviousfancy/pico-sdk/src/common/pico_time/time.c.o
 *fill*         0x200001fc        0x4 
 .data.aeabi_bits_funcs
                0x20000200       0x10 CMakeFiles/hello_world.dir/home/obviousfancy/Documents/obviousfancy/pico-sdk/src/rp2_common/pico_bit_ops/bit_ops_aeabi.S.o
                0x20000200                aeabi_bits_funcs
                0x20000210                aeabi_bits_funcs_end
 .data.aeabi_mem_funcs
                0x20000210       0x10 CMakeFiles/hello_world.dir/home/obviousfancy/Documents/obviousfancy/pico-sdk/src/rp2_common/pico_mem_ops/mem_ops_aeabi.S.o
                0x20000210                aeabi_mem_funcs
                0x20000220                aeabi_mem_funcs_end
 .data.stdio_uart
                0x20000220       0x18 CMakeFiles/hello_world.dir/home/obviousfancy/Documents/obviousfancy/pico-sdk/src/rp2_common/pico_stdio_uart/stdio_uart.c.o
                0x20000220                stdio_uart
                0x20000238                        . = ALIGN (0x4)
 *(.after_data.*)
                0x20000238                        . = ALIGN (0x4)
                0x20000238                        PROVIDE (__mutex_array_start = .)
 *(SORT_BY_NAME(.mutex_array.*))
 *(.mutex_array)
 .mutex_array   0x20000238        0x8 CMakeFiles/hello_world.dir/home/obviousfancy/Documents/obviousfancy/pico-sdk/src/rp2_common/pico_stdio/stdio.c.o
                0x20000240                        PROVIDE (__mutex_array_end = .)
                0x20000240                        . = ALIGN (0x4)
 *(.jcr)
                0x20000240                        . = ALIGN (0x4)

.tm_clone_table
                0x20000240        0x0 load address 0x10002080
 .tm_clone_table
                0x20000240        0x0 /usr/lib/gcc/arm-none-eabi/14.2.1/thumb/v6-m/nofp/crtbegin.o
 .tm_clone_table
                0x20000240        0x0 /usr/lib/gcc/arm-none-eabi/14.2.1/thumb/v6-m/nofp/crtend.o

.igot.plt       0x20000240        0x0 load address 0x10002080
 .igot.plt      0x20000240        0x0 /usr/lib/gcc/arm-none-eabi/14.2.1/thumb/v6-m/nofp/crtbegin.o

.tdata          0x20000240        0x0 load address 0x10002080
                0x20000240                        . = ALIGN (0x4)
 *(.tdata .tdata.* .gnu.linkonce.td.*)
                0x20000240                        __tdata_end = .
                0x20000240                        PROVIDE (__data_end__ = .)
                0x10001f00                        __etext = LOADADDR (.data)

.tbss           0x20000240        0x0 load address 0x10002080
                0x20000240                        . = ALIGN (0x4)
                0x20000240                        __bss_start__ = .
                0x20000240                        __tls_base = .
 *(.tbss .tbss.* .gnu.linkonce.tb.*)
 *(.tcommon)
                0x20000240                        __tls_end = .

.bss            0x20000240      0x594 load address 0x10002080
                0x20000240                        . = ALIGN (0x4)
                0x20000240                        __tbss_end = .
 *(SORT_BY_ALIGNMENT(SORT_BY_NAME(.bss*)))
 .bss.default_alarm_pool_entries
                0x20000240      0x180 CMakeFiles/hello_world.dir/home/obviousfancy/Documents/obviousfancy/pico-sdk/src/common/pico_time/time.c.o
 .bss.sd_table  0x200003c0      0x100 CMakeFiles/hello_world.dir/home/obviousfancy/Documents/obviousfancy/pico-sdk/src/rp2_common/pico_double/double_init_rom_rp2040.c.o
                0x200003c0                sd_table
 .bss.sf_table  0x200004c0      0x100 CMakeFiles/hello_world.dir/home/obviousfancy/Documents/obviousfancy/pico-sdk/src/rp2_common/pico_float/float_init_rom_rp2040.c.o
                0x200004c0                sf_table
 .bss           0x200005c0       0x1c /usr/lib/gcc/arm-none-eabi/14.2.1/thumb/v6-m/nofp/crtbegin.o
 .bss           0x200005dc      0x190 /usr/lib/gcc/arm-none-eabi/14.2.1/../../../arm-none-eabi/lib/thumb/v6-m/nofp/libg.a(libc_a-__atexit.o)
                0x200005dc                __atexit0
 .bss           0x2000076c        0x4 /usr/lib/gcc/arm-none-eabi/14.2.1/../../../arm-none-eabi/lib/thumb/v6-m/nofp/libg.a(libc_a-__call_atexit.o)
                0x2000076c                __atexit
 .bss.chars_available_callback
                0x20000770        0x4 CMakeFiles/hello_world.dir/home/obviousfancy/Documents/obviousfancy/pico-sdk/src/rp2_common/pico_stdio_uart/stdio_uart.c.o
 .bss.chars_available_param
                0x20000774        0x4 CMakeFiles/hello_world.dir/home/obviousfancy/Documents/obviousfancy/pico-sdk/src/rp2_common/pico_stdio_uart/stdio_uart.c.o
 .bss.claimed   0x20000778        0x1 CMakeFiles/hello_world.dir/home/obviousfancy/Documents/obviousfancy/pico-sdk/src/rp2_common/hardware_timer/timer.c.o
 *fill*         0x20000779        0x3 
 .bss.configured_freq
                0x2000077c       0x28 CMakeFiles/hello_world.dir/home/obviousfancy/Documents/obviousfancy/pico-sdk/src/rp2_common/hardware_clocks/clocks.c.o
 .bss.drivers   0x200007a4        0x4 CMakeFiles/hello_world.dir/home/obviousfancy/Documents/obviousfancy/pico-sdk/src/rp2_common/pico_stdio/stdio.c.o
 .bss.filter    0x200007a8        0x4 CMakeFiles/hello_world.dir/home/obviousfancy/Documents/obviousfancy/pico-sdk/src/rp2_common/pico_stdio/stdio.c.o
 .bss.lazy_vsnprintf
                0x200007ac        0x4 CMakeFiles/hello_world.dir/home/obviousfancy/Documents/obviousfancy/pico-sdk/src/rp2_common/pico_printf/printf.c.o
 .bss.pools     0x200007b0       0x10 CMakeFiles/hello_world.dir/home/obviousfancy/Documents/obviousfancy/pico-sdk/src/common/pico_time/time.c.o
 .bss.sf_clz_func
                0x200007c0        0x4 CMakeFiles/hello_world.dir/home/obviousfancy/Documents/obviousfancy/pico-sdk/src/rp2_common/pico_double/double_init_rom_rp2040.c.o
                0x200007c0                sf_clz_func
 .bss.sleep_notifier
                0x200007c4        0x4 CMakeFiles/hello_world.dir/home/obviousfancy/Documents/obviousfancy/pico-sdk/src/common/pico_time/time.c.o
 .bss.uart_char_to_line_feed
                0x200007c8        0x4 CMakeFiles/hello_world.dir/home/obviousfancy/Documents/obviousfancy/pico-sdk/src/rp2_common/hardware_uart/uart.c.o
                0x200007c8                uart_char_to_line_feed
 .bss.uart_instance
                0x200007cc        0x4 CMakeFiles/hello_world.dir/home/obviousfancy/Documents/obviousfancy/pico-sdk/src/rp2_common/pico_stdio_uart/stdio_uart.c.o
 .bss.irq_handler_chain_free_slot_head
                0x200007d0        0x1 CMakeFiles/hello_world.dir/home/obviousfancy/Documents/obviousfancy/pico-sdk/src/rp2_common/hardware_irq/irq.c.o
 *(COMMON)
                0x200007d4                        . = ALIGN (0x4)
 *fill*         0x200007d1        0x3 
                0x200007d4                        __bss_end__ = .

.heap           0x200007d4      0x800 load address 0x10002080
                0x200007d4                        __end__ = .
                0x200007d4                        end = __end__
 *(.heap*)
 .heap          0x200007d4      0x800 CMakeFiles/hello_world.dir/home/obviousfancy/Documents/obviousfancy/pico-sdk/src/rp2_common/pico_crt0/crt0.S.o
                0x20040000                        __HeapLimit = (ORIGIN (RAM) + LENGTH (RAM))

.scratch_x      0x20040000        0x0 load address 0x10002080
                0x20040000                        __scratch_x_start__ = .
 *(.scratch_x.*)
                0x20040000                        . = ALIGN (0x4)
                0x20040000                        __scratch_x_end__ = .
                0x10002080                        __scratch_x_source__ = LOADADDR (.scratch_x)

.scratch_y      0x20041000        0x0 load address 0x10002080
                0x20041000                        __scratch_y_start__ = .
 *(.scratch_y.*)
                0x20041000                        . = ALIGN (0x4)
                0x20041000                        __scratch_y_end__ = .
                0x10002080                        __scratch_y_source__ = LOADADDR (.scratch_y)

.stack1_dummy
 *(.stack1*)

.stack_dummy    0x20041000      0x800
 *(.stack*)
 .stack         0x20041000      0x800 CMakeFiles/hello_world.dir/home/obviousfancy/Documents/obviousfancy/pico-sdk/src/rp2_common/pico_crt0/crt0.S.o

.rel.dyn        0x20041800        0x0
 .rel.iplt      0x20041800        0x0 /usr/lib/gcc/arm-none-eabi/14.2.1/thumb/v6-m/nofp/crtbegin.o

.flash_end      0x10002080        0x0
 *(.embedded_end_block*)
                0x10002080                        PROVIDE (__flash_binary_end = .)
                0x20040000                        __StackLimit = (ORIGIN (RAM) + LENGTH (RAM))
                0x20041000                        __StackOneTop = (ORIGIN (SCRATCH_X) + LENGTH (SCRATCH_X))
                0x20042000                        __StackTop = (ORIGIN (SCRATCH_Y) + LENGTH (SCRATCH_Y))
                0x20041000                        __StackOneBottom = (__StackOneTop - SIZEOF (.stack1_dummy))
                0x20041800                        __StackBottom = (__StackTop - SIZEOF (.stack_dummy))
                0x20042000                        PROVIDE (__stack = __StackTop)
                [!provide]                        PROVIDE (__heap_start = __end__)
                [!provide]                        PROVIDE (__heap_end = __HeapLimit)
                [!provide]                        PROVIDE (__tls_align = MAX (ALIGNOF (.tdata), ALIGNOF (.tbss)))
                [!provide]                        PROVIDE (__tls_size_align = (((__tls_size + __tls_align) - 0x1) & ~ ((__tls_align - 0x1))))
                [!provide]                        PROVIDE (__arm32_tls_tcb_offset = MAX (0x8, __tls_align))
                [!provide]                        PROVIDE (_end = __end__)
                [!provide]                        PROVIDE (__llvm_libc_heap_limit = __HeapLimit)
                0x00000001                        ASSERT ((__StackLimit >= __HeapLimit), region RAM overflowed)
                0x00000001                        ASSERT (((__binary_info_header_end - __logical_binary_start) <= 0x100), Binary info must be in first 256 bytes of the binary)
LOAD CMakeFiles/hello_world.dir/hello_world.c.o
LOAD CMakeFiles/hello_world.dir/home/obviousfancy/Documents/obviousfancy/pico-sdk/src/rp2_common/pico_stdlib/stdlib.c.o
LOAD CMakeFiles/hello_world.dir/home/obviousfancy/Documents/obviousfancy/pico-sdk/src/rp2_common/hardware_gpio/gpio.c.o
LOAD CMakeFiles/hello_world.dir/home/obviousfancy/Documents/obviousfancy/pico-sdk/src/rp2040/pico_platform/platform.c.o
LOAD CMakeFiles/hello_world.dir/home/obviousfancy/Documents/obviousfancy/pico-sdk/src/rp2_common/pico_platform_common/common.c.o
LOAD CMakeFiles/hello_world.dir/home/obviousfancy/Documents/obviousfancy/pico-sdk/src/rp2_common/pico_platform_panic/panic.c.o
LOAD CMakeFiles/hello_world.dir/home/obviousfancy/Documents/obviousfancy/pico-sdk/src/common/hardware_claim/claim.c.o
LOAD CMakeFiles/hello_world.dir/home/obviousfancy/Documents/obviousfancy/pico-sdk/src/rp2_common/hardware_sync/sync.c.o
LOAD CMakeFiles/hello_world.dir/home/obviousfancy/Documents/obviousfancy/pico-sdk/src/rp2_common/hardware_sync_spin_lock/sync_spin_lock.c.o
LOAD CMakeFiles/hello_world.dir/home/obviousfancy/Documents/obviousfancy/pico-sdk/src/rp2_common/hardware_irq/irq.c.o
LOAD CMakeFiles/hello_world.dir/home/obviousfancy/Documents/obviousfancy/pico-sdk/src/rp2_common/hardware_irq/irq_handler_chain.S.o
LOAD CMakeFiles/hello_world.dir/home/obviousfancy/Documents/obviousfancy/pico-sdk/src/common/pico_sync/sem.c.o
LOAD CMakeFiles/hello_world.dir/home/obviousfancy/Documents/obviousfancy/pico-sdk/src/common/pico_sync/lock_core.c.o
LOAD CMakeFiles/hello_world.dir/home/obviousfancy/Documents/obviousfancy/pico-sdk/src/common/pico_sync/mutex.c.o
LOAD CMakeFiles/hello_world.dir/home/obviousfancy/Documents/obviousfancy/pico-sdk/src/common/pico_sync/critical_section.c.o
LOAD CMakeFiles/hello_world.dir/home/obviousfancy/Documents/obviousfancy/pico-sdk/src/common/pico_time/time.c.o
LOAD CMakeFiles/hello_world.dir/home/obviousfancy/Documents/obviousfancy/pico-sdk/src/common/pico_time/timeout_helper.c.o
LOAD CMakeFiles/hello_world.dir/home/obviousfancy/Documents/obviousfancy/pico-sdk/src/rp2_common/hardware_timer/timer.c.o
LOAD CMakeFiles/hello_world.dir/home/obviousfancy/Documents/obviousfancy/pico-sdk/src/common/pico_util/datetime.c.o
LOAD CMakeFiles/hello_world.dir/home/obviousfancy/Documents/obviousfancy/pico-sdk/src/common/pico_util/pheap.c.o
LOAD CMakeFiles/hello_world.dir/home/obviousfancy/Documents/obviousfancy/pico-sdk/src/common/pico_util/queue.c.o
LOAD CMakeFiles/hello_world.dir/home/obviousfancy/Documents/obviousfancy/pico-sdk/src/rp2_common/hardware_uart/uart.c.o
LOAD CMakeFiles/hello_world.dir/home/obviousfancy/Documents/obviousfancy/pico-sdk/src/rp2_common/hardware_clocks/clocks.c.o
LOAD CMakeFiles/hello_world.dir/home/obviousfancy/Documents/obviousfancy/pico-sdk/src/rp2_common/hardware_pll/pll.c.o
LOAD CMakeFiles/hello_world.dir/home/obviousfancy/Documents/obviousfancy/pico-sdk/src/rp2_common/hardware_vreg/vreg.c.o
LOAD CMakeFiles/hello_world.dir/home/obviousfancy/Documents/obviousfancy/pico-sdk/src/rp2_common/hardware_watchdog/watchdog.c.o
LOAD CMakeFiles/hello_world.dir/home/obviousfancy/Documents/obviousfancy/pico-sdk/src/rp2_common/hardware_ticks/ticks.c.o
LOAD CMakeFiles/hello_world.dir/home/obviousfancy/Documents/obviousfancy/pico-sdk/src/rp2_common/pico_bootrom/bootrom.c.o
LOAD CMakeFiles/hello_world.dir/home/obviousfancy/Documents/obviousfancy/pico-sdk/src/rp2_common/pico_bootrom/bootrom_lock.c.o
LOAD CMakeFiles/hello_world.dir/home/obviousfancy/Documents/obviousfancy/pico-sdk/src/rp2_common/hardware_boot_lock/boot_lock.c.o
LOAD CMakeFiles/hello_world.dir/home/obviousfancy/Documents/obviousfancy/pico-sdk/src/rp2_common/pico_flash/flash.c.o
LOAD CMakeFiles/hello_world.dir/home/obviousfancy/Documents/obviousfancy/pico-sdk/src/rp2_common/hardware_xosc/xosc.c.o
LOAD CMakeFiles/hello_world.dir/home/obviousfancy/Documents/obviousfancy/pico-sdk/src/rp2_common/hardware_divider/divider.S.o
LOAD CMakeFiles/hello_world.dir/home/obviousfancy/Documents/obviousfancy/pico-sdk/src/rp2_common/pico_runtime/runtime.c.o
LOAD CMakeFiles/hello_world.dir/home/obviousfancy/Documents/obviousfancy/pico-sdk/src/rp2_common/pico_runtime_init/runtime_init.c.o
LOAD CMakeFiles/hello_world.dir/home/obviousfancy/Documents/obviousfancy/pico-sdk/src/rp2_common/pico_runtime_init/runtime_init_clocks.c.o
LOAD CMakeFiles/hello_world.dir/home/obviousfancy/Documents/obviousfancy/pico-sdk/src/rp2_common/pico_runtime_init/runtime_init_stack_guard.c.o
LOAD CMakeFiles/hello_world.dir/home/obviousfancy/Documents/obviousfancy/pico-sdk/src/rp2_common/pico_bit_ops/bit_ops_aeabi.S.o
LOAD CMakeFiles/hello_world.dir/home/obviousfancy/Documents/obviousfancy/pico-sdk/src/rp2_common/pico_divider/divider_hardware.S.o
LOAD CMakeFiles/hello_world.dir/home/obviousfancy/Documents/obviousfancy/pico-sdk/src/rp2_common/pico_double/double_aeabi_rp2040.S.o
LOAD CMakeFiles/hello_world.dir/home/obviousfancy/Documents/obviousfancy/pico-sdk/src/rp2_common/pico_double/double_init_rom_rp2040.c.o
LOAD CMakeFiles/hello_world.dir/home/obviousfancy/Documents/obviousfancy/pico-sdk/src/rp2_common/pico_double/double_math.c.o
LOAD CMakeFiles/hello_world.dir/home/obviousfancy/Documents/obviousfancy/pico-sdk/src/rp2_common/pico_double/double_v1_rom_shim_rp2040.S.o
LOAD CMakeFiles/hello_world.dir/home/obviousfancy/Documents/obviousfancy/pico-sdk/src/rp2_common/pico_int64_ops/pico_int64_ops_aeabi.S.o
LOAD CMakeFiles/hello_world.dir/home/obviousfancy/Documents/obviousfancy/pico-sdk/src/rp2_common/pico_float/float_aeabi_rp2040.S.o
LOAD CMakeFiles/hello_world.dir/home/obviousfancy/Documents/obviousfancy/pico-sdk/src/rp2_common/pico_float/float_init_rom_rp2040.c.o
LOAD CMakeFiles/hello_world.dir/home/obviousfancy/Documents/obviousfancy/pico-sdk/src/rp2_common/pico_float/float_math.c.o
LOAD CMakeFiles/hello_world.dir/home/obviousfancy/Documents/obviousfancy/pico-sdk/src/rp2_common/pico_float/float_v1_rom_shim_rp2040.S.o
LOAD CMakeFiles/hello_world.dir/home/obviousfancy/Documents/obviousfancy/pico-sdk/src/rp2_common/pico_malloc/malloc.c.o
LOAD CMakeFiles/hello_world.dir/home/obviousfancy/Documents/obviousfancy/pico-sdk/src/rp2_common/pico_mem_ops/mem_ops_aeabi.S.o
LOAD CMakeFiles/hello_world.dir/home/obviousfancy/Documents/obviousfancy/pico-sdk/src/rp2_common/pico_atomic/atomic.c.o
LOAD CMakeFiles/hello_world.dir/home/obviousfancy/Documents/obviousfancy/pico-sdk/src/rp2_common/pico_cxx_options/new_delete.cpp.o
LOAD CMakeFiles/hello_world.dir/home/obviousfancy/Documents/obviousfancy/pico-sdk/src/rp2_common/pico_standard_binary_info/standard_binary_info.c.o
LOAD CMakeFiles/hello_world.dir/home/obviousfancy/Documents/obviousfancy/pico-sdk/src/rp2_common/pico_printf/printf.c.o
LOAD CMakeFiles/hello_world.dir/home/obviousfancy/Documents/obviousfancy/pico-sdk/src/rp2_common/pico_crt0/crt0.S.o
LOAD CMakeFiles/hello_world.dir/home/obviousfancy/Documents/obviousfancy/pico-sdk/src/rp2_common/pico_clib_interface/newlib_interface.c.o
LOAD CMakeFiles/hello_world.dir/home/obviousfancy/Documents/obviousfancy/pico-sdk/src/rp2_common/pico_stdio/stdio.c.o
LOAD CMakeFiles/hello_world.dir/home/obviousfancy/Documents/obviousfancy/pico-sdk/src/rp2_common/pico_stdio_uart/stdio_uart.c.o
LOAD pico-sdk/src/rp2040/boot_stage2/CMakeFiles/bs2_default_library.dir/bs2_default_padded_checksummed.S.o
LOAD /usr/lib/gcc/arm-none-eabi/14.2.1/../../../arm-none-eabi/lib/thumb/v6-m/nofp/libstdc++.a
LOAD /usr/lib/gcc/arm-none-eabi/14.2.1/../../../arm-none-eabi/lib/thumb/v6-m/nofp/libm.a
START GROUP
LOAD /usr/lib/gcc/arm-none-eabi/14.2.1/thumb/v6-m/nofp/libgcc.a
LOAD /usr/lib/gcc/arm-none-eabi/14.2.1/../../../arm-none-eabi/lib/thumb/v6-m/nofp/libg.a
LOAD /usr/lib/gcc/arm-none-eabi/14.2.1/../../../arm-none-eabi/lib/thumb/v6-m/nofp/libc.a
END GROUP
START GROUP
LOAD /usr/lib/gcc/arm-none-eabi/14.2.1/thumb/v6-m/nofp/libgcc.a
LOAD /usr/lib/gcc/arm-none-eabi/14.2.1/../../../arm-none-eabi/lib/thumb/v6-m/nofp/libc.a
LOAD /usr/lib/gcc/arm-none-eabi/14.2.1/../../../arm-none-eabi/lib/thumb/v6-m/nofp/libnosys.a
END GROUP
LOAD /usr/lib/gcc/arm-none-eabi/14.2.1/thumb/v6-m/nofp/crtend.o
LOAD /usr/lib/gcc/arm-none-eabi/14.2.1/thumb/v6-m/nofp/crtn.o
OUTPUT(hello_world.elf elf32-littlearm)
LOAD linker stubs

.ARM.attributes
                0x00000000       0x28
 .ARM.attributes
                0x00000000       0x1e /usr/lib/gcc/arm-none-eabi/14.2.1/thumb/v6-m/nofp/crti.o
 .ARM.attributes
                0x0000001e       0x2c /usr/lib/gcc/arm-none-eabi/14.2.1/thumb/v6-m/nofp/crtbegin.o
 .ARM.attributes
                0x0000004a       0x2c CMakeFiles/hello_world.dir/hello_world.c.o
 .ARM.attributes
                0x00000076       0x2c CMakeFiles/hello_world.dir/home/obviousfancy/Documents/obviousfancy/pico-sdk/src/rp2_common/hardware_gpio/gpio.c.o
 .ARM.attributes
                0x000000a2       0x2c CMakeFiles/hello_world.dir/home/obviousfancy/Documents/obviousfancy/pico-sdk/src/rp2_common/pico_platform_panic/panic.c.o
 .ARM.attributes
                0x000000ce       0x2c CMakeFiles/hello_world.dir/home/obviousfancy/Documents/obviousfancy/pico-sdk/src/common/hardware_claim/claim.c.o
 .ARM.attributes
                0x000000fa       0x2c CMakeFiles/hello_world.dir/home/obviousfancy/Documents/obviousfancy/pico-sdk/src/rp2_common/hardware_sync/sync.c.o
 .ARM.attributes
                0x00000126       0x2c CMakeFiles/hello_world.dir/home/obviousfancy/Documents/obviousfancy/pico-sdk/src/rp2_common/hardware_sync_spin_lock/sync_spin_lock.c.o
 .ARM.attributes
                0x00000152       0x2c CMakeFiles/hello_world.dir/home/obviousfancy/Documents/obviousfancy/pico-sdk/src/rp2_common/hardware_irq/irq.c.o
 .ARM.attributes
                0x0000017e       0x22 CMakeFiles/hello_world.dir/home/obviousfancy/Documents/obviousfancy/pico-sdk/src/rp2_common/hardware_irq/irq_handler_chain.S.o
 .ARM.attributes
                0x000001a0       0x2c CMakeFiles/hello_world.dir/home/obviousfancy/Documents/obviousfancy/pico-sdk/src/common/pico_sync/lock_core.c.o
 .ARM.attributes
                0x000001cc       0x2c CMakeFiles/hello_world.dir/home/obviousfancy/Documents/obviousfancy/pico-sdk/src/common/pico_sync/mutex.c.o
 .ARM.attributes
                0x000001f8       0x2c CMakeFiles/hello_world.dir/home/obviousfancy/Documents/obviousfancy/pico-sdk/src/common/pico_time/time.c.o
 .ARM.attributes
                0x00000224       0x2c CMakeFiles/hello_world.dir/home/obviousfancy/Documents/obviousfancy/pico-sdk/src/rp2_common/hardware_timer/timer.c.o
 .ARM.attributes
                0x00000250       0x2c CMakeFiles/hello_world.dir/home/obviousfancy/Documents/obviousfancy/pico-sdk/src/rp2_common/hardware_uart/uart.c.o
 .ARM.attributes
                0x0000027c       0x2c CMakeFiles/hello_world.dir/home/obviousfancy/Documents/obviousfancy/pico-sdk/src/rp2_common/hardware_clocks/clocks.c.o
 .ARM.attributes
                0x000002a8       0x2c CMakeFiles/hello_world.dir/home/obviousfancy/Documents/obviousfancy/pico-sdk/src/rp2_common/hardware_pll/pll.c.o
 .ARM.attributes
                0x000002d4       0x2c CMakeFiles/hello_world.dir/home/obviousfancy/Documents/obviousfancy/pico-sdk/src/rp2_common/hardware_ticks/ticks.c.o
 .ARM.attributes
                0x00000300       0x2c CMakeFiles/hello_world.dir/home/obviousfancy/Documents/obviousfancy/pico-sdk/src/rp2_common/pico_bootrom/bootrom.c.o
 .ARM.attributes
                0x0000032c       0x2c CMakeFiles/hello_world.dir/home/obviousfancy/Documents/obviousfancy/pico-sdk/src/rp2_common/hardware_xosc/xosc.c.o
 .ARM.attributes
                0x00000358       0x2c CMakeFiles/hello_world.dir/home/obviousfancy/Documents/obviousfancy/pico-sdk/src/rp2_common/pico_runtime/runtime.c.o
 .ARM.attributes
                0x00000384       0x2c CMakeFiles/hello_world.dir/home/obviousfancy/Documents/obviousfancy/pico-sdk/src/rp2_common/pico_runtime_init/runtime_init.c.o
 .ARM.attributes
                0x000003b0       0x2c CMakeFiles/hello_world.dir/home/obviousfancy/Documents/obviousfancy/pico-sdk/src/rp2_common/pico_runtime_init/runtime_init_clocks.c.o
 .ARM.attributes
                0x000003dc       0x22 CMakeFiles/hello_world.dir/home/obviousfancy/Documents/obviousfancy/pico-sdk/src/rp2_common/pico_bit_ops/bit_ops_aeabi.S.o
 .ARM.attributes
                0x000003fe       0x22 CMakeFiles/hello_world.dir/home/obviousfancy/Documents/obviousfancy/pico-sdk/src/rp2_common/pico_divider/divider_hardware.S.o
 .ARM.attributes
                0x00000420       0x22 CMakeFiles/hello_world.dir/home/obviousfancy/Documents/obviousfancy/pico-sdk/src/rp2_common/pico_double/double_aeabi_rp2040.S.o
 .ARM.attributes
                0x00000442       0x2c CMakeFiles/hello_world.dir/home/obviousfancy/Documents/obviousfancy/pico-sdk/src/rp2_common/pico_double/double_init_rom_rp2040.c.o
 .ARM.attributes
                0x0000046e       0x22 CMakeFiles/hello_world.dir/home/obviousfancy/Documents/obviousfancy/pico-sdk/src/rp2_common/pico_double/double_v1_rom_shim_rp2040.S.o
 .ARM.attributes
                0x00000490       0x22 CMakeFiles/hello_world.dir/home/obviousfancy/Documents/obviousfancy/pico-sdk/src/rp2_common/pico_float/float_aeabi_rp2040.S.o
 .ARM.attributes
                0x000004b2       0x2c CMakeFiles/hello_world.dir/home/obviousfancy/Documents/obviousfancy/pico-sdk/src/rp2_common/pico_float/float_init_rom_rp2040.c.o
 .ARM.attributes
                0x000004de       0x22 CMakeFiles/hello_world.dir/home/obviousfancy/Documents/obviousfancy/pico-sdk/src/rp2_common/pico_float/float_v1_rom_shim_rp2040.S.o
 .ARM.attributes
                0x00000500       0x22 CMakeFiles/hello_world.dir/home/obviousfancy/Documents/obviousfancy/pico-sdk/src/rp2_common/pico_mem_ops/mem_ops_aeabi.S.o
 .ARM.attributes
                0x00000522       0x2c CMakeFiles/hello_world.dir/home/obviousfancy/Documents/obviousfancy/pico-sdk/src/rp2_common/pico_standard_binary_info/standard_binary_info.c.o
 .ARM.attributes
                0x0000054e       0x2c CMakeFiles/hello_world.dir/home/obviousfancy/Documents/obviousfancy/pico-sdk/src/rp2_common/pico_printf/printf.c.o
 .ARM.attributes
                0x0000057a       0x22 CMakeFiles/hello_world.dir/home/obviousfancy/Documents/obviousfancy/pico-sdk/src/rp2_common/pico_crt0/crt0.S.o
 .ARM.attributes
                0x0000059c       0x2c CMakeFiles/hello_world.dir/home/obviousfancy/Documents/obviousfancy/pico-sdk/src/rp2_common/pico_clib_interface/newlib_interface.c.o
 .ARM.attributes
                0x000005c8       0x2c CMakeFiles/hello_world.dir/home/obviousfancy/Documents/obviousfancy/pico-sdk/src/rp2_common/pico_stdio/stdio.c.o
 .ARM.attributes
                0x000005f4       0x2c CMakeFiles/hello_world.dir/home/obviousfancy/Documents/obviousfancy/pico-sdk/src/rp2_common/pico_stdio_uart/stdio_uart.c.o
 .ARM.attributes
                0x00000620       0x22 pico-sdk/src/rp2040/boot_stage2/CMakeFiles/bs2_default_library.dir/bs2_default_padded_checksummed.S.o
 .ARM.attributes
                0x00000642       0x1e /usr/lib/gcc/arm-none-eabi/14.2.1/thumb/v6-m/nofp/libgcc.a(_dvmd_tls.o)
 .ARM.attributes
                0x00000660       0x2c /usr/lib/gcc/arm-none-eabi/14.2.1/../../../arm-none-eabi/lib/thumb/v6-m/nofp/libg.a(libc_a-strlen-stub.o)
 .ARM.attributes
                0x0000068c       0x2c /usr/lib/gcc/arm-none-eabi/14.2.1/../../../arm-none-eabi/lib/thumb/v6-m/nofp/libg.a(libc_a-fini.o)
 .ARM.attributes
                0x000006b8       0x2c /usr/lib/gcc/arm-none-eabi/14.2.1/../../../arm-none-eabi/lib/thumb/v6-m/nofp/libg.a(libc_a-atexit.o)
 .ARM.attributes
                0x000006e4       0x2c /usr/lib/gcc/arm-none-eabi/14.2.1/../../../arm-none-eabi/lib/thumb/v6-m/nofp/libg.a(libc_a-__atexit.o)
 .ARM.attributes
                0x00000710       0x2c /usr/lib/gcc/arm-none-eabi/14.2.1/../../../arm-none-eabi/lib/thumb/v6-m/nofp/libg.a(libc_a-__call_atexit.o)
 .ARM.attributes
                0x0000073c       0x2c /usr/lib/gcc/arm-none-eabi/14.2.1/thumb/v6-m/nofp/crtend.o

.comment        0x00000000       0x26
 .comment       0x00000000       0x26 /usr/lib/gcc/arm-none-eabi/14.2.1/thumb/v6-m/nofp/crtbegin.o
                                 0x27 (size before relaxing)
 .comment       0x00000026        0x0 CMakeFiles/hello_world.dir/hello_world.c.o
                                 0x27 (size before relaxing)
 .comment       0x00000026        0x0 CMakeFiles/hello_world.dir/home/obviousfancy/Documents/obviousfancy/pico-sdk/src/rp2_common/hardware_gpio/gpio.c.o
                                 0x27 (size before relaxing)
 .comment       0x00000026        0x0 CMakeFiles/hello_world.dir/home/obviousfancy/Documents/obviousfancy/pico-sdk/src/rp2_common/pico_platform_panic/panic.c.o
                                 0x27 (size before relaxing)
 .comment       0x00000026        0x0 CMakeFiles/hello_world.dir/home/obviousfancy/Documents/obviousfancy/pico-sdk/src/common/hardware_claim/claim.c.o
                                 0x27 (size before relaxing)
 .comment       0x00000026        0x0 CMakeFiles/hello_world.dir/home/obviousfancy/Documents/obviousfancy/pico-sdk/src/rp2_common/hardware_sync/sync.c.o
                                 0x27 (size before relaxing)
 .comment       0x00000026        0x0 CMakeFiles/hello_world.dir/home/obviousfancy/Documents/obviousfancy/pico-sdk/src/rp2_common/hardware_sync_spin_lock/sync_spin_lock.c.o
                                 0x27 (size before relaxing)
 .comment       0x00000026        0x0 CMakeFiles/hello_world.dir/home/obviousfancy/Documents/obviousfancy/pico-sdk/src/rp2_common/hardware_irq/irq.c.o
                                 0x27 (size before relaxing)
 .comment       0x00000026        0x0 CMakeFiles/hello_world.dir/home/obviousfancy/Documents/obviousfancy/pico-sdk/src/common/pico_sync/lock_core.c.o
                                 0x27 (size before relaxing)
 .comment       0x00000026        0x0 CMakeFiles/hello_world.dir/home/obviousfancy/Documents/obviousfancy/pico-sdk/src/common/pico_sync/mutex.c.o
                                 0x27 (size before relaxing)
 .comment       0x00000026        0x0 CMakeFiles/hello_world.dir/home/obviousfancy/Documents/obviousfancy/pico-sdk/src/common/pico_time/time.c.o
                                 0x27 (size before relaxing)
 .comment       0x00000026        0x0 CMakeFiles/hello_world.dir/home/obviousfancy/Documents/obviousfancy/pico-sdk/src/rp2_common/hardware_timer/timer.c.o
                                 0x27 (size before relaxing)
 .comment       0x00000026        0x0 CMakeFiles/hello_world.dir/home/obviousfancy/Documents/obviousfancy/pico-sdk/src/rp2_common/hardware_uart/uart.c.o
                                 0x27 (size before relaxing)
 .comment       0x00000026        0x0 CMakeFiles/hello_world.dir/home/obviousfancy/Documents/obviousfancy/pico-sdk/src/rp2_common/hardware_clocks/clocks.c.o
                                 0x27 (size before relaxing)
 .comment       0x00000026        0x0 CMakeFiles/hello_world.dir/home/obviousfancy/Documents/obviousfancy/pico-sdk/src/rp2_common/hardware_pll/pll.c.o
                                 0x27 (size before relaxing)
 .comment       0x00000026        0x0 CMakeFiles/hello_world.dir/home/obviousfancy/Documents/obviousfancy/pico-sdk/src/rp2_common/hardware_ticks/ticks.c.o
                                 0x27 (size before relaxing)
 .comment       0x00000026        0x0 CMakeFiles/hello_world.dir/home/obviousfancy/Documents/obviousfancy/pico-sdk/src/rp2_common/pico_bootrom/bootrom.c.o
                                 0x27 (size before relaxing)
 .comment       0x00000026        0x0 CMakeFiles/hello_world.dir/home/obviousfancy/Documents/obviousfancy/pico-sdk/src/rp2_common/hardware_xosc/xosc.c.o
                                 0x27 (size before relaxing)
 .comment       0x00000026        0x0 CMakeFiles/hello_world.dir/home/obviousfancy/Documents/obviousfancy/pico-sdk/src/rp2_common/pico_runtime/runtime.c.o
                                 0x27 (size before relaxing)
 .comment       0x00000026        0x0 CMakeFiles/hello_world.dir/home/obviousfancy/Documents/obviousfancy/pico-sdk/src/rp2_common/pico_runtime_init/runtime_init.c.o
                                 0x27 (size before relaxing)
 .comment       0x00000026        0x0 CMakeFiles/hello_world.dir/home/obviousfancy/Documents/obviousfancy/pico-sdk/src/rp2_common/pico_runtime_init/runtime_init_clocks.c.o
                                 0x27 (size before relaxing)
 .comment       0x00000026        0x0 CMakeFiles/hello_world.dir/home/obviousfancy/Documents/obviousfancy/pico-sdk/src/rp2_common/pico_double/double_init_rom_rp2040.c.o
                                 0x27 (size before relaxing)
 .comment       0x00000026        0x0 CMakeFiles/hello_world.dir/home/obviousfancy/Documents/obviousfancy/pico-sdk/src/rp2_common/pico_float/float_init_rom_rp2040.c.o
                                 0x27 (size before relaxing)
 .comment       0x00000026        0x0 CMakeFiles/hello_world.dir/home/obviousfancy/Documents/obviousfancy/pico-sdk/src/rp2_common/pico_standard_binary_info/standard_binary_info.c.o
                                 0x27 (size before relaxing)
 .comment       0x00000026        0x0 CMakeFiles/hello_world.dir/home/obviousfancy/Documents/obviousfancy/pico-sdk/src/rp2_common/pico_printf/printf.c.o
                                 0x27 (size before relaxing)
 .comment       0x00000026        0x0 CMakeFiles/hello_world.dir/home/obviousfancy/Documents/obviousfancy/pico-sdk/src/rp2_common/pico_clib_interface/newlib_interface.c.o
                                 0x27 (size before relaxing)
 .comment       0x00000026        0x0 CMakeFiles/hello_world.dir/home/obviousfancy/Documents/obviousfancy/pico-sdk/src/rp2_common/pico_stdio/stdio.c.o
                                 0x27 (size before relaxing)
 .comment       0x00000026        0x0 CMakeFiles/hello_world.dir/home/obviousfancy/Documents/obviousfancy/pico-sdk/src/rp2_common/pico_stdio_uart/stdio_uart.c.o
                                 0x27 (size before relaxing)
 .comment       0x00000026        0x0 /usr/lib/gcc/arm-none-eabi/14.2.1/../../../arm-none-eabi/lib/thumb/v6-m/nofp/libg.a(libc_a-strlen-stub.o)
                                 0x27 (size before relaxing)
 .comment       0x00000026        0x0 /usr/lib/gcc/arm-none-eabi/14.2.1/../../../arm-none-eabi/lib/thumb/v6-m/nofp/libg.a(libc_a-fini.o)
                                 0x27 (size before relaxing)
 .comment       0x00000026        0x0 /usr/lib/gcc/arm-none-eabi/14.2.1/../../../arm-none-eabi/lib/thumb/v6-m/nofp/libg.a(libc_a-atexit.o)
                                 0x27 (size before relaxing)
 .comment       0x00000026        0x0 /usr/lib/gcc/arm-none-eabi/14.2.1/../../../arm-none-eabi/lib/thumb/v6-m/nofp/libg.a(libc_a-__atexit.o)
                                 0x27 (size before relaxing)
 .comment       0x00000026        0x0 /usr/lib/gcc/arm-none-eabi/14.2.1/../../../arm-none-eabi/lib/thumb/v6-m/nofp/libg.a(libc_a-__call_atexit.o)
                                 0x27 (size before relaxing)
 .comment       0x00000026        0x0 /usr/lib/gcc/arm-none-eabi/14.2.1/thumb/v6-m/nofp/crtend.o
                                 0x27 (size before relaxing)

.debug_info     0x00000000    0x1d11c
 .debug_info    0x00000000       0xd0 CMakeFiles/hello_world.dir/hello_world.c.o
 .debug_info    0x000000d0     0x23f1 CMakeFiles/hello_world.dir/home/obviousfancy/Documents/obviousfancy/pico-sdk/src/rp2_common/hardware_gpio/gpio.c.o
 .debug_info    0x000024c1      0x1bf CMakeFiles/hello_world.dir/home/obviousfancy/Documents/obviousfancy/pico-sdk/src/rp2_common/pico_platform_panic/panic.c.o
 .debug_info    0x00002680      0x989 CMakeFiles/hello_world.dir/home/obviousfancy/Documents/obviousfancy/pico-sdk/src/common/hardware_claim/claim.c.o
 .debug_info    0x00003009      0x444 CMakeFiles/hello_world.dir/home/obviousfancy/Documents/obviousfancy/pico-sdk/src/rp2_common/hardware_sync/sync.c.o
 .debug_info    0x0000344d      0x239 CMakeFiles/hello_world.dir/home/obviousfancy/Documents/obviousfancy/pico-sdk/src/rp2_common/hardware_sync_spin_lock/sync_spin_lock.c.o
 .debug_info    0x00003686     0x21eb CMakeFiles/hello_world.dir/home/obviousfancy/Documents/obviousfancy/pico-sdk/src/rp2_common/hardware_irq/irq.c.o
 .debug_info    0x00005871      0x153 CMakeFiles/hello_world.dir/home/obviousfancy/Documents/obviousfancy/pico-sdk/src/common/pico_sync/lock_core.c.o
 .debug_info    0x000059c4     0x27cd CMakeFiles/hello_world.dir/home/obviousfancy/Documents/obviousfancy/pico-sdk/src/common/pico_sync/mutex.c.o
 .debug_info    0x00008191     0x5005 CMakeFiles/hello_world.dir/home/obviousfancy/Documents/obviousfancy/pico-sdk/src/common/pico_time/time.c.o
 .debug_info    0x0000d196     0x2afb CMakeFiles/hello_world.dir/home/obviousfancy/Documents/obviousfancy/pico-sdk/src/rp2_common/hardware_timer/timer.c.o
 .debug_info    0x0000fc91     0x195f CMakeFiles/hello_world.dir/home/obviousfancy/Documents/obviousfancy/pico-sdk/src/rp2_common/hardware_uart/uart.c.o
 .debug_info    0x000115f0     0x29c9 CMakeFiles/hello_world.dir/home/obviousfancy/Documents/obviousfancy/pico-sdk/src/rp2_common/hardware_clocks/clocks.c.o
 .debug_info    0x00013fb9      0x4cd CMakeFiles/hello_world.dir/home/obviousfancy/Documents/obviousfancy/pico-sdk/src/rp2_common/hardware_pll/pll.c.o
 .debug_info    0x00014486      0x230 CMakeFiles/hello_world.dir/home/obviousfancy/Documents/obviousfancy/pico-sdk/src/rp2_common/hardware_ticks/ticks.c.o
 .debug_info    0x000146b6      0x654 CMakeFiles/hello_world.dir/home/obviousfancy/Documents/obviousfancy/pico-sdk/src/rp2_common/pico_bootrom/bootrom.c.o
 .debug_info    0x00014d0a      0x1b8 CMakeFiles/hello_world.dir/home/obviousfancy/Documents/obviousfancy/pico-sdk/src/rp2_common/hardware_xosc/xosc.c.o
 .debug_info    0x00014ec2      0x20e CMakeFiles/hello_world.dir/home/obviousfancy/Documents/obviousfancy/pico-sdk/src/rp2_common/pico_runtime/runtime.c.o
 .debug_info    0x000150d0      0x7d2 CMakeFiles/hello_world.dir/home/obviousfancy/Documents/obviousfancy/pico-sdk/src/rp2_common/pico_runtime_init/runtime_init.c.o
 .debug_info    0x000158a2      0x769 CMakeFiles/hello_world.dir/home/obviousfancy/Documents/obviousfancy/pico-sdk/src/rp2_common/pico_runtime_init/runtime_init_clocks.c.o
 .debug_info    0x0001600b       0x23 CMakeFiles/hello_world.dir/home/obviousfancy/Documents/obviousfancy/pico-sdk/src/rp2_common/pico_bit_ops/bit_ops_aeabi.S.o
 .debug_info    0x0001602e       0x23 CMakeFiles/hello_world.dir/home/obviousfancy/Documents/obviousfancy/pico-sdk/src/rp2_common/pico_divider/divider_hardware.S.o
 .debug_info    0x00016051       0x23 CMakeFiles/hello_world.dir/home/obviousfancy/Documents/obviousfancy/pico-sdk/src/rp2_common/pico_double/double_aeabi_rp2040.S.o
 .debug_info    0x00016074      0x25a CMakeFiles/hello_world.dir/home/obviousfancy/Documents/obviousfancy/pico-sdk/src/rp2_common/pico_double/double_init_rom_rp2040.c.o
 .debug_info    0x000162ce       0x23 CMakeFiles/hello_world.dir/home/obviousfancy/Documents/obviousfancy/pico-sdk/src/rp2_common/pico_double/double_v1_rom_shim_rp2040.S.o
 .debug_info    0x000162f1       0x23 CMakeFiles/hello_world.dir/home/obviousfancy/Documents/obviousfancy/pico-sdk/src/rp2_common/pico_float/float_aeabi_rp2040.S.o
 .debug_info    0x00016314      0x25a CMakeFiles/hello_world.dir/home/obviousfancy/Documents/obviousfancy/pico-sdk/src/rp2_common/pico_float/float_init_rom_rp2040.c.o
 .debug_info    0x0001656e       0x23 CMakeFiles/hello_world.dir/home/obviousfancy/Documents/obviousfancy/pico-sdk/src/rp2_common/pico_float/float_v1_rom_shim_rp2040.S.o
 .debug_info    0x00016591       0x23 CMakeFiles/hello_world.dir/home/obviousfancy/Documents/obviousfancy/pico-sdk/src/rp2_common/pico_mem_ops/mem_ops_aeabi.S.o
 .debug_info    0x000165b4      0x288 CMakeFiles/hello_world.dir/home/obviousfancy/Documents/obviousfancy/pico-sdk/src/rp2_common/pico_standard_binary_info/standard_binary_info.c.o
 .debug_info    0x0001683c     0x22da CMakeFiles/hello_world.dir/home/obviousfancy/Documents/obviousfancy/pico-sdk/src/rp2_common/pico_printf/printf.c.o
 .debug_info    0x00018b16       0x23 CMakeFiles/hello_world.dir/home/obviousfancy/Documents/obviousfancy/pico-sdk/src/rp2_common/pico_crt0/crt0.S.o
 .debug_info    0x00018b39      0xbbe CMakeFiles/hello_world.dir/home/obviousfancy/Documents/obviousfancy/pico-sdk/src/rp2_common/pico_clib_interface/newlib_interface.c.o
 .debug_info    0x000196f7     0x1d54 CMakeFiles/hello_world.dir/home/obviousfancy/Documents/obviousfancy/pico-sdk/src/rp2_common/pico_stdio/stdio.c.o
 .debug_info    0x0001b44b     0x14dc CMakeFiles/hello_world.dir/home/obviousfancy/Documents/obviousfancy/pico-sdk/src/rp2_common/pico_stdio_uart/stdio_uart.c.o
 .debug_info    0x0001c927       0x3c /usr/lib/gcc/arm-none-eabi/14.2.1/thumb/v6-m/nofp/libgcc.a(_dvmd_tls.o)
 .debug_info    0x0001c963       0xeb /usr/lib/gcc/arm-none-eabi/14.2.1/../../../arm-none-eabi/lib/thumb/v6-m/nofp/libg.a(libc_a-strlen-stub.o)
 .debug_info    0x0001ca4e       0xf7 /usr/lib/gcc/arm-none-eabi/14.2.1/../../../arm-none-eabi/lib/thumb/v6-m/nofp/libg.a(libc_a-fini.o)
 .debug_info    0x0001cb45      0x11e /usr/lib/gcc/arm-none-eabi/14.2.1/../../../arm-none-eabi/lib/thumb/v6-m/nofp/libg.a(libc_a-atexit.o)
 .debug_info    0x0001cc63      0x1fd /usr/lib/gcc/arm-none-eabi/14.2.1/../../../arm-none-eabi/lib/thumb/v6-m/nofp/libg.a(libc_a-__atexit.o)
 .debug_info    0x0001ce60      0x2bc /usr/lib/gcc/arm-none-eabi/14.2.1/../../../arm-none-eabi/lib/thumb/v6-m/nofp/libg.a(libc_a-__call_atexit.o)

.debug_abbrev   0x00000000     0x55eb
 .debug_abbrev  0x00000000       0x86 CMakeFiles/hello_world.dir/hello_world.c.o
 .debug_abbrev  0x00000086      0x4f9 CMakeFiles/hello_world.dir/home/obviousfancy/Documents/obviousfancy/pico-sdk/src/rp2_common/hardware_gpio/gpio.c.o
 .debug_abbrev  0x0000057f      0x12b CMakeFiles/hello_world.dir/home/obviousfancy/Documents/obviousfancy/pico-sdk/src/rp2_common/pico_platform_panic/panic.c.o
 .debug_abbrev  0x000006aa      0x328 CMakeFiles/hello_world.dir/home/obviousfancy/Documents/obviousfancy/pico-sdk/src/common/hardware_claim/claim.c.o
 .debug_abbrev  0x000009d2      0x20f CMakeFiles/hello_world.dir/home/obviousfancy/Documents/obviousfancy/pico-sdk/src/rp2_common/hardware_sync/sync.c.o
 .debug_abbrev  0x00000be1      0x1bb CMakeFiles/hello_world.dir/home/obviousfancy/Documents/obviousfancy/pico-sdk/src/rp2_common/hardware_sync_spin_lock/sync_spin_lock.c.o
 .debug_abbrev  0x00000d9c      0x614 CMakeFiles/hello_world.dir/home/obviousfancy/Documents/obviousfancy/pico-sdk/src/rp2_common/hardware_irq/irq.c.o
 .debug_abbrev  0x000013b0       0xee CMakeFiles/hello_world.dir/home/obviousfancy/Documents/obviousfancy/pico-sdk/src/common/pico_sync/lock_core.c.o
 .debug_abbrev  0x0000149e      0x48c CMakeFiles/hello_world.dir/home/obviousfancy/Documents/obviousfancy/pico-sdk/src/common/pico_sync/mutex.c.o
 .debug_abbrev  0x0000192a      0x659 CMakeFiles/hello_world.dir/home/obviousfancy/Documents/obviousfancy/pico-sdk/src/common/pico_time/time.c.o
 .debug_abbrev  0x00001f83      0x4f2 CMakeFiles/hello_world.dir/home/obviousfancy/Documents/obviousfancy/pico-sdk/src/rp2_common/hardware_timer/timer.c.o
 .debug_abbrev  0x00002475      0x365 CMakeFiles/hello_world.dir/home/obviousfancy/Documents/obviousfancy/pico-sdk/src/rp2_common/hardware_uart/uart.c.o
 .debug_abbrev  0x000027da      0x512 CMakeFiles/hello_world.dir/home/obviousfancy/Documents/obviousfancy/pico-sdk/src/rp2_common/hardware_clocks/clocks.c.o
 .debug_abbrev  0x00002cec      0x1d2 CMakeFiles/hello_world.dir/home/obviousfancy/Documents/obviousfancy/pico-sdk/src/rp2_common/hardware_pll/pll.c.o
 .debug_abbrev  0x00002ebe      0x145 CMakeFiles/hello_world.dir/home/obviousfancy/Documents/obviousfancy/pico-sdk/src/rp2_common/hardware_ticks/ticks.c.o
 .debug_abbrev  0x00003003      0x1bc CMakeFiles/hello_world.dir/home/obviousfancy/Documents/obviousfancy/pico-sdk/src/rp2_common/pico_bootrom/bootrom.c.o
 .debug_abbrev  0x000031bf      0x11d CMakeFiles/hello_world.dir/home/obviousfancy/Documents/obviousfancy/pico-sdk/src/rp2_common/hardware_xosc/xosc.c.o
 .debug_abbrev  0x000032dc      0x182 CMakeFiles/hello_world.dir/home/obviousfancy/Documents/obviousfancy/pico-sdk/src/rp2_common/pico_runtime/runtime.c.o
 .debug_abbrev  0x0000345e      0x26b CMakeFiles/hello_world.dir/home/obviousfancy/Documents/obviousfancy/pico-sdk/src/rp2_common/pico_runtime_init/runtime_init.c.o
 .debug_abbrev  0x000036c9      0x2af CMakeFiles/hello_world.dir/home/obviousfancy/Documents/obviousfancy/pico-sdk/src/rp2_common/pico_runtime_init/runtime_init_clocks.c.o
 .debug_abbrev  0x00003978       0x12 CMakeFiles/hello_world.dir/home/obviousfancy/Documents/obviousfancy/pico-sdk/src/rp2_common/pico_bit_ops/bit_ops_aeabi.S.o
 .debug_abbrev  0x0000398a       0x12 CMakeFiles/hello_world.dir/home/obviousfancy/Documents/obviousfancy/pico-sdk/src/rp2_common/pico_divider/divider_hardware.S.o
 .debug_abbrev  0x0000399c       0x12 CMakeFiles/hello_world.dir/home/obviousfancy/Documents/obviousfancy/pico-sdk/src/rp2_common/pico_double/double_aeabi_rp2040.S.o
 .debug_abbrev  0x000039ae      0x17a CMakeFiles/hello_world.dir/home/obviousfancy/Documents/obviousfancy/pico-sdk/src/rp2_common/pico_double/double_init_rom_rp2040.c.o
 .debug_abbrev  0x00003b28       0x12 CMakeFiles/hello_world.dir/home/obviousfancy/Documents/obviousfancy/pico-sdk/src/rp2_common/pico_double/double_v1_rom_shim_rp2040.S.o
 .debug_abbrev  0x00003b3a       0x12 CMakeFiles/hello_world.dir/home/obviousfancy/Documents/obviousfancy/pico-sdk/src/rp2_common/pico_float/float_aeabi_rp2040.S.o
 .debug_abbrev  0x00003b4c      0x173 CMakeFiles/hello_world.dir/home/obviousfancy/Documents/obviousfancy/pico-sdk/src/rp2_common/pico_float/float_init_rom_rp2040.c.o
 .debug_abbrev  0x00003cbf       0x12 CMakeFiles/hello_world.dir/home/obviousfancy/Documents/obviousfancy/pico-sdk/src/rp2_common/pico_float/float_v1_rom_shim_rp2040.S.o
 .debug_abbrev  0x00003cd1       0x12 CMakeFiles/hello_world.dir/home/obviousfancy/Documents/obviousfancy/pico-sdk/src/rp2_common/pico_mem_ops/mem_ops_aeabi.S.o
 .debug_abbrev  0x00003ce3       0xb8 CMakeFiles/hello_world.dir/home/obviousfancy/Documents/obviousfancy/pico-sdk/src/rp2_common/pico_standard_binary_info/standard_binary_info.c.o
 .debug_abbrev  0x00003d9b      0x50c CMakeFiles/hello_world.dir/home/obviousfancy/Documents/obviousfancy/pico-sdk/src/rp2_common/pico_printf/printf.c.o
 .debug_abbrev  0x000042a7       0x12 CMakeFiles/hello_world.dir/home/obviousfancy/Documents/obviousfancy/pico-sdk/src/rp2_common/pico_crt0/crt0.S.o
 .debug_abbrev  0x000042b9      0x352 CMakeFiles/hello_world.dir/home/obviousfancy/Documents/obviousfancy/pico-sdk/src/rp2_common/pico_clib_interface/newlib_interface.c.o
 .debug_abbrev  0x0000460b      0x5d9 CMakeFiles/hello_world.dir/home/obviousfancy/Documents/obviousfancy/pico-sdk/src/rp2_common/pico_stdio/stdio.c.o
 .debug_abbrev  0x00004be4      0x498 CMakeFiles/hello_world.dir/home/obviousfancy/Documents/obviousfancy/pico-sdk/src/rp2_common/pico_stdio_uart/stdio_uart.c.o
 .debug_abbrev  0x0000507c       0x26 /usr/lib/gcc/arm-none-eabi/14.2.1/thumb/v6-m/nofp/libgcc.a(_dvmd_tls.o)
 .debug_abbrev  0x000050a2       0x90 /usr/lib/gcc/arm-none-eabi/14.2.1/../../../arm-none-eabi/lib/thumb/v6-m/nofp/libg.a(libc_a-strlen-stub.o)
 .debug_abbrev  0x00005132       0xc9 /usr/lib/gcc/arm-none-eabi/14.2.1/../../../arm-none-eabi/lib/thumb/v6-m/nofp/libg.a(libc_a-fini.o)
 .debug_abbrev  0x000051fb       0xbe /usr/lib/gcc/arm-none-eabi/14.2.1/../../../arm-none-eabi/lib/thumb/v6-m/nofp/libg.a(libc_a-atexit.o)
 .debug_abbrev  0x000052b9      0x157 /usr/lib/gcc/arm-none-eabi/14.2.1/../../../arm-none-eabi/lib/thumb/v6-m/nofp/libg.a(libc_a-__atexit.o)
 .debug_abbrev  0x00005410      0x1db /usr/lib/gcc/arm-none-eabi/14.2.1/../../../arm-none-eabi/lib/thumb/v6-m/nofp/libg.a(libc_a-__call_atexit.o)

.debug_aranges  0x00000000      0xfe8
 .debug_aranges
                0x00000000       0x20 CMakeFiles/hello_world.dir/hello_world.c.o
 .debug_aranges
                0x00000020      0x118 CMakeFiles/hello_world.dir/home/obviousfancy/Documents/obviousfancy/pico-sdk/src/rp2_common/hardware_gpio/gpio.c.o
 .debug_aranges
                0x00000138       0x28 CMakeFiles/hello_world.dir/home/obviousfancy/Documents/obviousfancy/pico-sdk/src/rp2_common/pico_platform_panic/panic.c.o
 .debug_aranges
                0x00000160       0x48 CMakeFiles/hello_world.dir/home/obviousfancy/Documents/obviousfancy/pico-sdk/src/common/hardware_claim/claim.c.o
 .debug_aranges
                0x000001a8       0x48 CMakeFiles/hello_world.dir/home/obviousfancy/Documents/obviousfancy/pico-sdk/src/rp2_common/hardware_sync/sync.c.o
 .debug_aranges
                0x000001f0       0x28 CMakeFiles/hello_world.dir/home/obviousfancy/Documents/obviousfancy/pico-sdk/src/rp2_common/hardware_sync_spin_lock/sync_spin_lock.c.o
 .debug_aranges
                0x00000218       0xb8 CMakeFiles/hello_world.dir/home/obviousfancy/Documents/obviousfancy/pico-sdk/src/rp2_common/hardware_irq/irq.c.o
 .debug_aranges
                0x000002d0       0x20 CMakeFiles/hello_world.dir/home/obviousfancy/Documents/obviousfancy/pico-sdk/src/common/pico_sync/lock_core.c.o
 .debug_aranges
                0x000002f0       0x98 CMakeFiles/hello_world.dir/home/obviousfancy/Documents/obviousfancy/pico-sdk/src/common/pico_sync/mutex.c.o
 .debug_aranges
                0x00000388       0xe0 CMakeFiles/hello_world.dir/home/obviousfancy/Documents/obviousfancy/pico-sdk/src/common/pico_time/time.c.o
 .debug_aranges
                0x00000468       0xf0 CMakeFiles/hello_world.dir/home/obviousfancy/Documents/obviousfancy/pico-sdk/src/rp2_common/hardware_timer/timer.c.o
 .debug_aranges
                0x00000558       0x58 CMakeFiles/hello_world.dir/home/obviousfancy/Documents/obviousfancy/pico-sdk/src/rp2_common/hardware_uart/uart.c.o
 .debug_aranges
                0x000005b0       0x90 CMakeFiles/hello_world.dir/home/obviousfancy/Documents/obviousfancy/pico-sdk/src/rp2_common/hardware_clocks/clocks.c.o
 .debug_aranges
                0x00000640       0x28 CMakeFiles/hello_world.dir/home/obviousfancy/Documents/obviousfancy/pico-sdk/src/rp2_common/hardware_pll/pll.c.o
 .debug_aranges
                0x00000668       0x30 CMakeFiles/hello_world.dir/home/obviousfancy/Documents/obviousfancy/pico-sdk/src/rp2_common/hardware_ticks/ticks.c.o
 .debug_aranges
                0x00000698       0x40 CMakeFiles/hello_world.dir/home/obviousfancy/Documents/obviousfancy/pico-sdk/src/rp2_common/pico_bootrom/bootrom.c.o
 .debug_aranges
                0x000006d8       0x30 CMakeFiles/hello_world.dir/home/obviousfancy/Documents/obviousfancy/pico-sdk/src/rp2_common/hardware_xosc/xosc.c.o
 .debug_aranges
                0x00000708       0x38 CMakeFiles/hello_world.dir/home/obviousfancy/Documents/obviousfancy/pico-sdk/src/rp2_common/pico_runtime/runtime.c.o
 .debug_aranges
                0x00000740       0x48 CMakeFiles/hello_world.dir/home/obviousfancy/Documents/obviousfancy/pico-sdk/src/rp2_common/pico_runtime_init/runtime_init.c.o
 .debug_aranges
                0x00000788       0x20 CMakeFiles/hello_world.dir/home/obviousfancy/Documents/obviousfancy/pico-sdk/src/rp2_common/pico_runtime_init/runtime_init_clocks.c.o
 .debug_aranges
                0x000007a8       0x60 CMakeFiles/hello_world.dir/home/obviousfancy/Documents/obviousfancy/pico-sdk/src/rp2_common/pico_bit_ops/bit_ops_aeabi.S.o
 .debug_aranges
                0x00000808       0x40 CMakeFiles/hello_world.dir/home/obviousfancy/Documents/obviousfancy/pico-sdk/src/rp2_common/pico_divider/divider_hardware.S.o
 .debug_aranges
                0x00000848      0x150 CMakeFiles/hello_world.dir/home/obviousfancy/Documents/obviousfancy/pico-sdk/src/rp2_common/pico_double/double_aeabi_rp2040.S.o
 .debug_aranges
                0x00000998       0x20 CMakeFiles/hello_world.dir/home/obviousfancy/Documents/obviousfancy/pico-sdk/src/rp2_common/pico_double/double_init_rom_rp2040.c.o
 .debug_aranges
                0x000009b8       0xc8 CMakeFiles/hello_world.dir/home/obviousfancy/Documents/obviousfancy/pico-sdk/src/rp2_common/pico_double/double_v1_rom_shim_rp2040.S.o
 .debug_aranges
                0x00000a80      0x138 CMakeFiles/hello_world.dir/home/obviousfancy/Documents/obviousfancy/pico-sdk/src/rp2_common/pico_float/float_aeabi_rp2040.S.o
 .debug_aranges
                0x00000bb8       0x20 CMakeFiles/hello_world.dir/home/obviousfancy/Documents/obviousfancy/pico-sdk/src/rp2_common/pico_float/float_init_rom_rp2040.c.o
 .debug_aranges
                0x00000bd8       0x50 CMakeFiles/hello_world.dir/home/obviousfancy/Documents/obviousfancy/pico-sdk/src/rp2_common/pico_float/float_v1_rom_shim_rp2040.S.o
 .debug_aranges
                0x00000c28       0x38 CMakeFiles/hello_world.dir/home/obviousfancy/Documents/obviousfancy/pico-sdk/src/rp2_common/pico_mem_ops/mem_ops_aeabi.S.o
 .debug_aranges
                0x00000c60       0x18 CMakeFiles/hello_world.dir/home/obviousfancy/Documents/obviousfancy/pico-sdk/src/rp2_common/pico_standard_binary_info/standard_binary_info.c.o
 .debug_aranges
                0x00000c78       0x90 CMakeFiles/hello_world.dir/home/obviousfancy/Documents/obviousfancy/pico-sdk/src/rp2_common/pico_printf/printf.c.o
 .debug_aranges
                0x00000d08       0x28 CMakeFiles/hello_world.dir/home/obviousfancy/Documents/obviousfancy/pico-sdk/src/rp2_common/pico_crt0/crt0.S.o
 .debug_aranges
                0x00000d30       0xa8 CMakeFiles/hello_world.dir/home/obviousfancy/Documents/obviousfancy/pico-sdk/src/rp2_common/pico_clib_interface/newlib_interface.c.o
 .debug_aranges
                0x00000dd8       0xc8 CMakeFiles/hello_world.dir/home/obviousfancy/Documents/obviousfancy/pico-sdk/src/rp2_common/pico_stdio/stdio.c.o
 .debug_aranges
                0x00000ea0       0x80 CMakeFiles/hello_world.dir/home/obviousfancy/Documents/obviousfancy/pico-sdk/src/rp2_common/pico_stdio_uart/stdio_uart.c.o
 .debug_aranges
                0x00000f20       0x20 /usr/lib/gcc/arm-none-eabi/14.2.1/thumb/v6-m/nofp/libgcc.a(_dvmd_tls.o)
 .debug_aranges
                0x00000f40       0x20 /usr/lib/gcc/arm-none-eabi/14.2.1/../../../arm-none-eabi/lib/thumb/v6-m/nofp/libg.a(libc_a-strlen-stub.o)
 .debug_aranges
                0x00000f60       0x20 /usr/lib/gcc/arm-none-eabi/14.2.1/../../../arm-none-eabi/lib/thumb/v6-m/nofp/libg.a(libc_a-fini.o)
 .debug_aranges
                0x00000f80       0x20 /usr/lib/gcc/arm-none-eabi/14.2.1/../../../arm-none-eabi/lib/thumb/v6-m/nofp/libg.a(libc_a-atexit.o)
 .debug_aranges
                0x00000fa0       0x20 /usr/lib/gcc/arm-none-eabi/14.2.1/../../../arm-none-eabi/lib/thumb/v6-m/nofp/libg.a(libc_a-__atexit.o)
 .debug_aranges
                0x00000fc0       0x28 /usr/lib/gcc/arm-none-eabi/14.2.1/../../../arm-none-eabi/lib/thumb/v6-m/nofp/libg.a(libc_a-__call_atexit.o)

.debug_rnglists
                0x00000000     0x2e8f
 .debug_rnglists
                0x00000000       0x13 CMakeFiles/hello_world.dir/hello_world.c.o
 .debug_rnglists
                0x00000013      0x5ca CMakeFiles/hello_world.dir/home/obviousfancy/Documents/obviousfancy/pico-sdk/src/rp2_common/hardware_gpio/gpio.c.o
 .debug_rnglists
                0x000005dd       0x19 CMakeFiles/hello_world.dir/home/obviousfancy/Documents/obviousfancy/pico-sdk/src/rp2_common/pico_platform_panic/panic.c.o
 .debug_rnglists
                0x000005f6       0xb6 CMakeFiles/hello_world.dir/home/obviousfancy/Documents/obviousfancy/pico-sdk/src/common/hardware_claim/claim.c.o
 .debug_rnglists
                0x000006ac       0x58 CMakeFiles/hello_world.dir/home/obviousfancy/Documents/obviousfancy/pico-sdk/src/rp2_common/hardware_sync/sync.c.o
 .debug_rnglists
                0x00000704       0x3d CMakeFiles/hello_world.dir/home/obviousfancy/Documents/obviousfancy/pico-sdk/src/rp2_common/hardware_sync_spin_lock/sync_spin_lock.c.o
 .debug_rnglists
                0x00000741      0x37d CMakeFiles/hello_world.dir/home/obviousfancy/Documents/obviousfancy/pico-sdk/src/rp2_common/hardware_irq/irq.c.o
 .debug_rnglists
                0x00000abe       0x1f CMakeFiles/hello_world.dir/home/obviousfancy/Documents/obviousfancy/pico-sdk/src/common/pico_sync/lock_core.c.o
 .debug_rnglists
                0x00000add      0x325 CMakeFiles/hello_world.dir/home/obviousfancy/Documents/obviousfancy/pico-sdk/src/common/pico_sync/mutex.c.o
 .debug_rnglists
                0x00000e02      0x7dc CMakeFiles/hello_world.dir/home/obviousfancy/Documents/obviousfancy/pico-sdk/src/common/pico_time/time.c.o
 .debug_rnglists
                0x000015de      0x2c6 CMakeFiles/hello_world.dir/home/obviousfancy/Documents/obviousfancy/pico-sdk/src/rp2_common/hardware_timer/timer.c.o
 .debug_rnglists
                0x000018a4      0x259 CMakeFiles/hello_world.dir/home/obviousfancy/Documents/obviousfancy/pico-sdk/src/rp2_common/hardware_uart/uart.c.o
 .debug_rnglists
                0x00001afd      0x5be CMakeFiles/hello_world.dir/home/obviousfancy/Documents/obviousfancy/pico-sdk/src/rp2_common/hardware_clocks/clocks.c.o
 .debug_rnglists
                0x000020bb       0x5c CMakeFiles/hello_world.dir/home/obviousfancy/Documents/obviousfancy/pico-sdk/src/rp2_common/hardware_pll/pll.c.o
 .debug_rnglists
                0x00002117       0x2b CMakeFiles/hello_world.dir/home/obviousfancy/Documents/obviousfancy/pico-sdk/src/rp2_common/hardware_ticks/ticks.c.o
 .debug_rnglists
                0x00002142      0x112 CMakeFiles/hello_world.dir/home/obviousfancy/Documents/obviousfancy/pico-sdk/src/rp2_common/pico_bootrom/bootrom.c.o
 .debug_rnglists
                0x00002254       0x1f CMakeFiles/hello_world.dir/home/obviousfancy/Documents/obviousfancy/pico-sdk/src/rp2_common/hardware_xosc/xosc.c.o
 .debug_rnglists
                0x00002273       0x3d CMakeFiles/hello_world.dir/home/obviousfancy/Documents/obviousfancy/pico-sdk/src/rp2_common/pico_runtime/runtime.c.o
 .debug_rnglists
                0x000022b0       0x4a CMakeFiles/hello_world.dir/home/obviousfancy/Documents/obviousfancy/pico-sdk/src/rp2_common/pico_runtime_init/runtime_init.c.o
 .debug_rnglists
                0x000022fa       0x20 CMakeFiles/hello_world.dir/home/obviousfancy/Documents/obviousfancy/pico-sdk/src/rp2_common/pico_runtime_init/runtime_init_clocks.c.o
 .debug_rnglists
                0x0000231a       0x43 CMakeFiles/hello_world.dir/home/obviousfancy/Documents/obviousfancy/pico-sdk/src/rp2_common/pico_bit_ops/bit_ops_aeabi.S.o
 .debug_rnglists
                0x0000235d       0x2c CMakeFiles/hello_world.dir/home/obviousfancy/Documents/obviousfancy/pico-sdk/src/rp2_common/pico_divider/divider_hardware.S.o
 .debug_rnglists
                0x00002389       0xf9 CMakeFiles/hello_world.dir/home/obviousfancy/Documents/obviousfancy/pico-sdk/src/rp2_common/pico_double/double_aeabi_rp2040.S.o
 .debug_rnglists
                0x00002482       0x14 CMakeFiles/hello_world.dir/home/obviousfancy/Documents/obviousfancy/pico-sdk/src/rp2_common/pico_double/double_init_rom_rp2040.c.o
 .debug_rnglists
                0x00002496       0x99 CMakeFiles/hello_world.dir/home/obviousfancy/Documents/obviousfancy/pico-sdk/src/rp2_common/pico_double/double_v1_rom_shim_rp2040.S.o
 .debug_rnglists
                0x0000252f       0xe5 CMakeFiles/hello_world.dir/home/obviousfancy/Documents/obviousfancy/pico-sdk/src/rp2_common/pico_float/float_aeabi_rp2040.S.o
 .debug_rnglists
                0x00002614       0x13 CMakeFiles/hello_world.dir/home/obviousfancy/Documents/obviousfancy/pico-sdk/src/rp2_common/pico_float/float_init_rom_rp2040.c.o
 .debug_rnglists
                0x00002627       0x38 CMakeFiles/hello_world.dir/home/obviousfancy/Documents/obviousfancy/pico-sdk/src/rp2_common/pico_float/float_v1_rom_shim_rp2040.S.o
 .debug_rnglists